[el.commonsupport.com/newwp/naxly/wp-content/uploads/2020/03/favicon.ico]
[backblue.gif]
[fade.gif]
[index.html]
[hb.wpmucdn.com/el.commonsupport.com/5e2716c4-d5dd-4222-8734-572f37f36746.css]
[hb.wpmucdn.com/el.commonsupport.com/4b4af4fa-c7fa-4983-b66d-43245bf55802.css]
[el.commonsupport.com/newwp/naxly/feed/index.html]
[el.commonsupport.com/newwp/naxly/comments/feed/index.html]
[el.commonsupport.com/newwp/naxly/wp-json/wp/v2/pages/9.json]
[hb.wpmucdn.com/el.commonsupport.com/133b61af-4ac5-4ae2-9e76-f64ff16ddd34.js]
[hb.wpmucdn.com/el.commonsupport.com/52a6fdd0-e328-47bf-9f30-fbc02e7d4b6e.css]
[el.commonsupport.com/newwp/naxly/wp-json/index.html]
[el.commonsupport.com/newwp/naxly/wp-includes/wlwmanifest.xml]
[el.commonsupport.com/newwp/naxly/wp-json/oembed/1.0/embed6ac1.json]
[el.commonsupport.com/newwp/naxly/wp-json/oembed/1.0/embed41c2]
[el.commonsupport.com/newwp/naxly/wp-content/plugins/wp-smush-pro/app/assets/images/smush-lazyloader-1.gif]
[el.commonsupport.com/newwp/naxly/wp-content/uploads/2020/04/logo_DS.png]
[el.commonsupport.com/newwp/naxly/wp-content/themes/naxly/assets/images/logo.png]
[el.commonsupport.com/newwp/naxly/wp-content/uploads/2020/03/shape-56.png]
[el.commonsupport.com/newwp/naxly/wp-content/uploads/2020/03/shape-55.png]
[el.commonsupport.com/newwp/naxly/wp-content/themes/naxly/assets/images/icons/wheel-2.png]
[el.commonsupport.com/newwp/naxly/wp-content/themes/naxly/assets/images/icons/wheel-3.png]
[el.commonsupport.com/newwp/naxly/wp-content/themes/naxly/assets/images/icons/wheel-4.png]
[el.commonsupport.com/newwp/naxly/wp-content/themes/naxly/assets/images/icons/wheel-5.png]
[el.commonsupport.com/newwp/naxly/wp-content/uploads/2020/03/banner-1-1.png]
[el.commonsupport.com/newwp/naxly/wp-content/uploads/2020/03/banner-1-2.png]
[el.commonsupport.com/newwp/naxly/wp-content/uploads/2020/03/pie-chart-1.png]
[el.commonsupport.com/newwp/naxly/wp-content/uploads/2020/03/banner-1-3.png]
[el.commonsupport.com/newwp/naxly/wp-content/uploads/2020/03/banner-1-4.png]
[el.commonsupport.com/newwp/naxly/wp-content/uploads/2020/03/banner-1-5.png]
[el.commonsupport.com/newwp/naxly/wp-content/uploads/2020/03/banner-1-6.png]
[el.commonsupport.com/newwp/naxly/wp-content/themes/naxly/assets/images/icons/dollar-1.png]
[el.commonsupport.com/newwp/naxly/wp-content/themes/naxly/assets/images/icons/dollar-2.png]
[el.commonsupport.com/newwp/naxly/wp-content/themes/naxly/assets/images/icons/dollar-3.png]
[el.commonsupport.com/newwp/naxly/wp-content/themes/naxly/assets/images/icons/dollar-4.png]
[el.commonsupport.com/newwp/naxly/wp-content/themes/naxly/assets/images/icons/dollar-5.png]
[el.commonsupport.com/newwp/naxly/wp-content/themes/naxly/assets/images/icons/arrow-4.png]
[el.commonsupport.com/newwp/naxly/wp-content/themes/naxly/assets/images/icons/decor-1.png]
[el.commonsupport.com/newwp/naxly/wp-content/uploads/2020/03/video-1.jpg]
[el.commonsupport.com/newwp/naxly/wp-content/themes/naxly/assets/images/icons/icon-bg-1.png]
[el.commonsupport.com/newwp/naxly/wp-content/themes/naxly/assets/images/icons/icon-bg-2.png]
[el.commonsupport.com/newwp/naxly/wp-content/uploads/2020/03/shape-57.png]
[el.commonsupport.com/newwp/naxly/wp-content/uploads/2020/03/shape-58.png]
[el.commonsupport.com/newwp/naxly/wp-content/themes/naxly/assets/images/icons/decor-2.png]
[el.commonsupport.com/newwp/naxly/wp-content/themes/naxly/assets/images/shape/shape-3.png]
[el.commonsupport.com/newwp/naxly/wp-content/uploads/2020/03/shape-4.png]
[el.commonsupport.com/newwp/naxly/wp-content/uploads/2020/03/illastration-1.png]
[el.commonsupport.com/newwp/naxly/wp-content/uploads/2020/03/shape-5.png]
[el.commonsupport.com/newwp/naxly/wp-content/uploads/2020/03/shape-6.png]
[el.commonsupport.com/newwp/naxly/wp-content/uploads/2020/03/testimonial-9.png]
[el.commonsupport.com/newwp/naxly/wp-content/uploads/2020/03/testimonial-10.png]
[el.commonsupport.com/newwp/naxly/wp-content/uploads/2020/03/case-1.png]
[el.commonsupport.com/newwp/naxly/wp-content/uploads/2020/03/case-2.png]
[el.commonsupport.com/newwp/naxly/wp-content/uploads/2020/03/case-3.png]
[el.commonsupport.com/newwp/naxly/wp-content/uploads/2020/03/case-4.png]
[el.commonsupport.com/newwp/naxly/wp-content/uploads/2020/03/shape-7.png]
[el.commonsupport.com/newwp/naxly/wp-content/uploads/2020/03/shape-8.png]
[el.commonsupport.com/newwp/naxly/wp-content/uploads/2020/03/news-1.jpg]
[el.commonsupport.com/newwp/naxly/wp-content/uploads/2020/03/news-2.jpg]
[el.commonsupport.com/newwp/naxly/wp-content/uploads/2020/03/news-3.jpg]
[el.commonsupport.com/newwp/naxly/wp-content/uploads/2020/03/shape-59.png]
[el.commonsupport.com/newwp/naxly/wp-content/themes/naxly/assets/images/icons/wheel-6.png]
[el.commonsupport.com/newwp/naxly/wp-content/themes/naxly/assets/images/icons/wheel-7.png]
[el.commonsupport.com/newwp/naxly/wp-content/uploads/2020/03/clients-logo-1.png]
[el.commonsupport.com/newwp/naxly/wp-content/uploads/2020/03/clients-logo-2.png]
[el.commonsupport.com/newwp/naxly/wp-content/uploads/2020/03/clients-logo-3.png]
[el.commonsupport.com/newwp/naxly/wp-content/uploads/2020/03/clients-logo-4.png]
[el.commonsupport.com/newwp/naxly/wp-content/uploads/2020/03/clients-logo-5.png]
[el.commonsupport.com/newwp/naxly/wp-content/themes/naxly/assets/images/icons/decor-3.png]
[el.commonsupport.com/newwp/naxly/wp-content/uploads/2020/03/footer-logo.png]
[hb.wpmucdn.com/el.commonsupport.com/654412d7-0028-416e-be10-1842fe6517ed.js]
[el.commonsupport.com/newwp/naxly/index.html]
[hb.wpmucdn.com/el.commonsupport.com/5e2716c4-d5dd-4222-8734-572f37f36746.css]
[el.commonsupport.com/newwp/naxly/wp-content/plugins/contact-form-7/images/ajax-loader.gif]
[hb.wpmucdn.com/el.commonsupport.com/4b4af4fa-c7fa-4983-b66d-43245bf55802.css]
[el.commonsupport.com/newwp/naxly/wp-content/themes/naxly/assets/fonts/fa-brands-400.eot]
[el.commonsupport.com/newwp/naxly/wp-content/themes/naxly/assets/fonts/fa-brands-400.woff2]
[hb.wpmucdn.com/el.commonsupport.com/859d2f0f-8c1d-4818-ad28-6c8aa1bb7e64.js]
[el.commonsupport.com/newwp/naxly/wp-content/themes/naxly/assets/fonts/fa-brands-400d41d.eot]
[el.commonsupport.com/newwp/naxly/wp-content/themes/naxly/assets/fonts/fa-brands-400.woff]
[el.commonsupport.com/newwp/naxly/wp-content/themes/naxly/assets/fonts/fa-brands-400.ttf]
[hb.wpmucdn.com/el.commonsupport.com/8aa1bcfd-de0e-4137-80e2-274f26ef64e5.js]
[el.commonsupport.com/newwp/naxly/wp-content/themes/naxly/assets/fonts/fa-regular-400.eot]
[el.commonsupport.com/newwp/naxly/wp-content/themes/naxly/assets/fonts/fa-regular-400.woff2]
[el.commonsupport.com/newwp/naxly/wp-content/themes/naxly/assets/fonts/fa-regular-400d41d.eot]
[el.commonsupport.com/newwp/naxly/wp-content/themes/naxly/assets/fonts/fa-regular-400.woff]
[el.commonsupport.com/newwp/naxly/wp-content/themes/naxly/assets/fonts/fa-regular-400.ttf]
[el.commonsupport.com/newwp/naxly/wp-content/themes/naxly/assets/fonts/fa-solid-900.eot]
[el.commonsupport.com/newwp/naxly/wp-content/themes/naxly/assets/fonts/fa-solid-900.woff2]
[el.commonsupport.com/newwp/naxly/wp-content/themes/naxly/assets/fonts/fa-solid-900d41d.eot]
[el.commonsupport.com/newwp/naxly/wp-content/themes/naxly/assets/fonts/fa-solid-900.woff]
[el.commonsupport.com/newwp/naxly/wp-content/themes/naxly/assets/fonts/fa-solid-900.ttf]
[el.commonsupport.com/newwp/naxly/wp-content/themes/naxly/assets/fonts/Flaticon.eot]
[el.commonsupport.com/newwp/naxly/wp-content/themes/naxly/assets/fonts/Flaticond41d.eot]
[el.commonsupport.com/newwp/naxly/wp-content/themes/naxly/assets/fonts/Flaticon.woff2]
[el.commonsupport.com/newwp/naxly/wp-content/themes/naxly/assets/fonts/Flaticon.woff]
[el.commonsupport.com/newwp/naxly/wp-content/themes/naxly/assets/fonts/Flaticon.ttf]
[el.commonsupport.com/newwp/naxly/wp-content/themes/naxly/assets/images/icons/shape-1.png]
[el.commonsupport.com/newwp/naxly/wp-content/themes/naxly/assets/images/shape/home-6-bot-shape-1.png]
[el.commonsupport.com/newwp/naxly/wp-content/plugins/elementor/assets/lib/eicons/fonts/eiconsc2cd.eot]
[hb.wpmucdn.com/el.commonsupport.com/52a6fdd0-e328-47bf-9f30-fbc02e7d4b6e.css]
[el.commonsupport.com/newwp/naxly/xmlrpc0db0.html]
[el.commonsupport.com/newwp/naxly/wp-json/wp/v2/pages/115.json]
[el.commonsupport.com/newwp/naxly/wp-json/oembed/1.0/embed3c82.json]
[el.commonsupport.com/newwp/naxly/wp-json/oembed/1.0/embeda04f]
[el.commonsupport.com/newwp/naxly/wp-content/uploads/2020/04/logo_AI.png]
[el.commonsupport.com/newwp/naxly/wp-content/uploads/2020/03/shape-10.png]
[el.commonsupport.com/newwp/naxly/wp-content/uploads/2020/03/banner-2-1.png]
[el.commonsupport.com/newwp/naxly/wp-content/uploads/2020/03/gear-4.png]
[el.commonsupport.com/newwp/naxly/wp-content/uploads/2020/03/gear-5.png]
[el.commonsupport.com/newwp/naxly/wp-content/uploads/2020/03/gear-6.png]
[el.commonsupport.com/newwp/naxly/wp-content/uploads/2020/03/shape-12.png]
[el.commonsupport.com/newwp/naxly/wp-content/uploads/2020/03/about-1.png]
[el.commonsupport.com/newwp/naxly/wp-content/themes/naxly/assets/images/icons/icon-bg-3.png]
[el.commonsupport.com/newwp/naxly/wp-content/uploads/2020/03/shape-13.png]
[el.commonsupport.com/newwp/naxly/wp-content/uploads/2020/03/illastration-2.png]
[el.commonsupport.com/newwp/naxly/wp-content/themes/naxly/assets/images/icons/decor-4.png]
[el.commonsupport.com/newwp/naxly/wp-content/uploads/2020/03/gallery-1.jpg]
[el.commonsupport.com/newwp/naxly/wp-content/uploads/2020/03/icon-1.png]
[el.commonsupport.com/newwp/naxly/wp-content/uploads/2020/03/gallery-2.jpg]
[el.commonsupport.com/newwp/naxly/wp-content/uploads/2020/03/icon-2.png]
[el.commonsupport.com/newwp/naxly/wp-content/uploads/2020/03/gallery-3.jpg]
[el.commonsupport.com/newwp/naxly/wp-content/uploads/2020/03/icon-3.png]
[el.commonsupport.com/newwp/naxly/wp-content/uploads/2020/03/process-bg-1.jpg]
[el.commonsupport.com/newwp/naxly/wp-content/themes/naxly/assets/images/icons/line-1.png]
[el.commonsupport.com/newwp/naxly/wp-content/themes/naxly/assets/images/icons/arrow-1.png]
[el.commonsupport.com/newwp/naxly/wp-content/themes/naxly/assets/images/icons/border-1.png]
[el.commonsupport.com/newwp/naxly/wp-content/themes/naxly/assets/images/icons/icon-bg-4.png]
[el.commonsupport.com/newwp/naxly/wp-content/uploads/2020/03/video-2.jpg]
[el.commonsupport.com/newwp/naxly/wp-content/uploads/2020/03/shape-14.png]
[el.commonsupport.com/newwp/naxly/wp-content/themes/naxly/assets/images/icons/icon-bg-5.png]
[el.commonsupport.com/newwp/naxly/wp-content/uploads/2020/03/shape-15.png]
[el.commonsupport.com/newwp/naxly/wp-content/uploads/2020/03/testimonial-1.jpg]
[el.commonsupport.com/newwp/naxly/wp-content/themes/naxly/assets/images/icons/icon-4.png]
[el.commonsupport.com/newwp/naxly/wp-content/uploads/2020/03/testimonial-2.jpg]
[el.commonsupport.com/newwp/naxly/wp-content/uploads/2020/03/testimonial-3.jpg]
[el.commonsupport.com/newwp/naxly/wp-content/uploads/2020/03/shape-16.png]
[el.commonsupport.com/newwp/naxly/wp-content/uploads/2020/03/shape-17.png]
[el.commonsupport.com/newwp/naxly/wp-content/uploads/2020/03/clients-logo-6.png]
[el.commonsupport.com/newwp/naxly/wp-content/uploads/2020/03/clients-logo-7.png]
[el.commonsupport.com/newwp/naxly/wp-content/uploads/2020/03/clients-logo-8.png]
[el.commonsupport.com/newwp/naxly/wp-content/uploads/2020/03/clients-logo-9.png]
[el.commonsupport.com/newwp/naxly/wp-content/uploads/2020/03/clients-logo-10.png]
[el.commonsupport.com/newwp/naxly/wp-content/uploads/2020/03/clients-logo-11.png]
[el.commonsupport.com/newwp/naxly/wp-content/uploads/2020/03/clients-logo-12.png]
[el.commonsupport.com/newwp/naxly/wp-content/uploads/2020/03/gallery-17.jpg]
[el.commonsupport.com/newwp/naxly/wp-content/uploads/2020/03/gallery-22.jpg]
[el.commonsupport.com/newwp/naxly/wp-content/uploads/2020/03/gallery-21.jpg]
[el.commonsupport.com/newwp/naxly/wp-content/uploads/2020/03/gallery-19.jpg]
[el.commonsupport.com/newwp/naxly/wp-content/uploads/2020/04/Logo_AI-1.png]
[el.commonsupport.com/newwp/naxly/artificial-intelligence/index.html]
[el.commonsupport.com/newwp/naxly/wp-json/wp/v2/pages/205.json]
[el.commonsupport.com/newwp/naxly/wp-json/oembed/1.0/embed37ce.json]
[el.commonsupport.com/newwp/naxly/wp-json/oembed/1.0/embed0ae5]
[el.commonsupport.com/newwp/naxly/wp-content/uploads/2020/04/logo_MI.png]
[el.commonsupport.com/newwp/naxly/wp-content/uploads/2020/03/shape-18.png]
[el.commonsupport.com/newwp/naxly/wp-content/themes/naxly/assets/images/shape/shape-19.png]
[el.commonsupport.com/newwp/naxly/wp-content/uploads/2020/03/illastration-3.png]
[el.commonsupport.com/newwp/naxly/wp-content/uploads/2020/03/dashbord-1.jpg]
[el.commonsupport.com/newwp/naxly/wp-content/uploads/2020/03/choose-bg.png]
[el.commonsupport.com/newwp/naxly/wp-content/themes/naxly/assets/images/icons/decor-5.png]
[el.commonsupport.com/newwp/naxly/wp-content/uploads/2020/03/team-1.jpg]
[el.commonsupport.com/newwp/naxly/wp-content/uploads/2020/03/team-2.jpg]
[el.commonsupport.com/newwp/naxly/wp-content/uploads/2020/03/team-3.jpg]
[el.commonsupport.com/newwp/naxly/wp-content/uploads/2020/03/team-4.jpg]
[el.commonsupport.com/newwp/naxly/wp-content/uploads/2020/03/shape-21.png]
[el.commonsupport.com/newwp/naxly/wp-content/uploads/2020/03/video-3.jpg]
[el.commonsupport.com/newwp/naxly/wp-content/uploads/2020/03/shape-22.png]
[el.commonsupport.com/newwp/naxly/wp-content/uploads/2020/03/testimonial-2.png]
[el.commonsupport.com/newwp/naxly/wp-content/uploads/2020/03/thumb-1.png]
[el.commonsupport.com/newwp/naxly/wp-content/uploads/2020/03/thumb-2.png]
[el.commonsupport.com/newwp/naxly/wp-content/themes/naxly/assets/images/shape/shape-60.png]
[el.commonsupport.com/newwp/naxly/wp-content/themes/naxly/assets/images/shape/shape-61.png]
[el.commonsupport.com/newwp/naxly/wp-content/uploads/2020/04/logo_MI-1.png]
[el.commonsupport.com/newwp/naxly/machine-learning/index.html]
[el.commonsupport.com/newwp/naxly/wp-json/wp/v2/pages/269.json]
[el.commonsupport.com/newwp/naxly/wp-json/oembed/1.0/embed4d64.json]
[el.commonsupport.com/newwp/naxly/wp-json/oembed/1.0/embed5744]
[el.commonsupport.com/newwp/naxly/wp-content/uploads/2020/04/logo_BI.png]
[el.commonsupport.com/newwp/naxly/wp-content/themes/naxly/assets/images/icons/anim-icon-1.png]
[el.commonsupport.com/newwp/naxly/wp-content/themes/naxly/assets/images/icons/anim-icon-2.png]
[el.commonsupport.com/newwp/naxly/wp-content/themes/naxly/assets/images/icons/anim-icon-3.png]
[el.commonsupport.com/newwp/naxly/wp-content/uploads/2020/03/shape-23.png]
[el.commonsupport.com/newwp/naxly/wp-content/uploads/2020/03/banner-4-1.png]
[el.commonsupport.com/newwp/naxly/wp-content/uploads/2020/03/service-1.png]
[el.commonsupport.com/newwp/naxly/wp-content/uploads/2020/03/service-2-200x160.png]
[el.commonsupport.com/newwp/naxly/wp-content/uploads/2020/03/service-3-200x160.png]
[el.commonsupport.com/newwp/naxly/wp-content/themes/naxly/assets/images/icons/butterfly-1.png]
[el.commonsupport.com/newwp/naxly/wp-content/themes/naxly/assets/images/icons/butterfly-2.png]
[el.commonsupport.com/newwp/naxly/wp-content/uploads/2020/03/tab-1.png]
[el.commonsupport.com/newwp/naxly/wp-content/uploads/2020/03/tab-2.png]
[el.commonsupport.com/newwp/naxly/wp-content/uploads/2020/03/screen-1.png]
[el.commonsupport.com/newwp/naxly/wp-content/themes/naxly/assets/images/icons/anim-icon-4.png]
[el.commonsupport.com/newwp/naxly/wp-content/themes/naxly/assets/images/icons/anim-icon-5.png]
[el.commonsupport.com/newwp/naxly/wp-content/themes/naxly/assets/images/icons/anim-icon-6.png]
[el.commonsupport.com/newwp/naxly/wp-content/themes/naxly/assets/images/icons/anim-icon-7.png]
[el.commonsupport.com/newwp/naxly/wp-content/themes/naxly/assets/images/icons/anim-icon-8.png]
[el.commonsupport.com/newwp/naxly/wp-content/themes/naxly/assets/images/icons/anim-icon-9.png]
[el.commonsupport.com/newwp/naxly/wp-content/uploads/2020/03/technonogy-1.png]
[el.commonsupport.com/newwp/naxly/wp-content/uploads/2020/03/technonogy-2.png]
[el.commonsupport.com/newwp/naxly/wp-content/uploads/2020/03/technonogy-3.png]
[el.commonsupport.com/newwp/naxly/wp-content/uploads/2020/03/technonogy-4.png]
[el.commonsupport.com/newwp/naxly/wp-content/themes/naxly/assets/images/shape/shape-25.png]
[el.commonsupport.com/newwp/naxly/wp-content/themes/naxly/assets/images/shape/shape-24.png]
[el.commonsupport.com/newwp/naxly/wp-content/uploads/2020/03/tab-2-1.png]
[el.commonsupport.com/newwp/naxly/wp-content/uploads/2020/03/screen-2.png]
[el.commonsupport.com/newwp/naxly/wp-content/uploads/2020/03/screen-3.png]
[el.commonsupport.com/newwp/naxly/wp-content/uploads/2020/03/shape-26.png]
[el.commonsupport.com/newwp/naxly/wp-content/uploads/2020/03/illastration-5.png]
[el.commonsupport.com/newwp/naxly/wp-content/themes/naxly/assets/images/shape/shape-27.png]
[el.commonsupport.com/newwp/naxly/wp-content/themes/naxly/assets/images/shape/shape-28.png]
[el.commonsupport.com/newwp/naxly/wp-content/uploads/2020/03/screen-4.png]
[el.commonsupport.com/newwp/naxly/wp-content/uploads/2020/03/testimonial-logo-1.png]
[el.commonsupport.com/newwp/naxly/wp-content/uploads/2020/03/testimonial-5.png]
[el.commonsupport.com/newwp/naxly/wp-content/uploads/2020/03/testimonial-logo-2.png]
[el.commonsupport.com/newwp/naxly/wp-content/uploads/2020/03/testimonial-6.png]
[el.commonsupport.com/newwp/naxly/wp-content/uploads/2020/03/testimonial-logo-3.png]
[el.commonsupport.com/newwp/naxly/wp-content/uploads/2020/03/testimonial-7.png]
[el.commonsupport.com/newwp/naxly/wp-content/themes/naxly/assets/images/shape/shape-29.png]
[el.commonsupport.com/newwp/naxly/wp-content/themes/naxly/assets/images/shape/shape-30.png]
[el.commonsupport.com/newwp/naxly/wp-content/uploads/2020/03/laptop-1.png]
[el.commonsupport.com/newwp/naxly/wp-content/themes/naxly/assets/images/icons/decor-6.png]
[el.commonsupport.com/newwp/naxly/wp-content/uploads/2020/03/illastration-6.png]
[el.commonsupport.com/newwp/naxly/wp-content/uploads/2020/12/home-6-footer-shape.png]
[el.commonsupport.com/newwp/naxly/wp-content/themes/naxly/assets/images/icons/anim-icon-10.png]
[el.commonsupport.com/newwp/naxly/wp-content/themes/naxly/assets/images/icons/anim-icon-11.png]
[el.commonsupport.com/newwp/naxly/wp-content/themes/naxly/assets/images/icons/anim-icon-12.png]
[el.commonsupport.com/newwp/naxly/wp-content/uploads/2020/04/Logo_BI-1.png]
[el.commonsupport.com/newwp/naxly/business-intelligence/index.html]
[el.commonsupport.com/newwp/naxly/wp-json/wp/v2/pages/271.json]
[el.commonsupport.com/newwp/naxly/wp-json/oembed/1.0/embedaa7f.json]
[el.commonsupport.com/newwp/naxly/wp-json/oembed/1.0/embed53e8]
[el.commonsupport.com/newwp/naxly/wp-content/uploads/2020/04/logo_UA.png]
[el.commonsupport.com/newwp/naxly/wp-content/themes/naxly/assets/images/icons/anim-icon-13.png]
[el.commonsupport.com/newwp/naxly/wp-content/themes/naxly/assets/images/icons/anim-icon-14.png]
[el.commonsupport.com/newwp/naxly/wp-content/themes/naxly/assets/images/icons/cloud-1.png]
[el.commonsupport.com/newwp/naxly/wp-content/themes/naxly/assets/images/icons/cloud-2.png]
[el.commonsupport.com/newwp/naxly/wp-content/themes/naxly/assets/images/shape/shape-32.png]
[el.commonsupport.com/newwp/naxly/wp-content/themes/naxly/assets/images/shape/shape-33.png]
[el.commonsupport.com/newwp/naxly/wp-content/themes/naxly/assets/images/shape/shape-34.png]
[el.commonsupport.com/newwp/naxly/wp-content/themes/naxly/assets/images/shape/shape-35.png]
[el.commonsupport.com/newwp/naxly/wp-content/themes/naxly/assets/images/shape/shape-36.png]
[el.commonsupport.com/newwp/naxly/wp-content/uploads/2020/03/banner-5-1.png]
[el.commonsupport.com/newwp/naxly/wp-content/uploads/2020/03/banner-5-2.png]
[el.commonsupport.com/newwp/naxly/wp-content/uploads/2020/03/welcome-1-108x143.png]
[el.commonsupport.com/newwp/naxly/wp-content/themes/naxly/assets/images/icons/icon-bg-6.png]
[el.commonsupport.com/newwp/naxly/wp-content/themes/naxly/assets/images/icons/icon-bg-7.png]
[el.commonsupport.com/newwp/naxly/wp-content/uploads/2020/03/welcome-2-94x143.png]
[el.commonsupport.com/newwp/naxly/wp-content/uploads/2020/03/welcome-3.png]
[el.commonsupport.com/newwp/naxly/wp-content/themes/naxly/assets/images/shape/shape-38.png]
[el.commonsupport.com/newwp/naxly/wp-content/themes/naxly/assets/images/icons/gear-1.png]
[el.commonsupport.com/newwp/naxly/wp-content/themes/naxly/assets/images/icons/gear-2.png]
[el.commonsupport.com/newwp/naxly/wp-content/themes/naxly/assets/images/icons/gear-3.png]
[el.commonsupport.com/newwp/naxly/wp-content/uploads/2020/03/about-2.png]
[el.commonsupport.com/newwp/naxly/wp-content/themes/naxly/assets/images/shape/shape-37.png]
[el.commonsupport.com/newwp/naxly/wp-content/uploads/2020/03/shape-41.png]
[el.commonsupport.com/newwp/naxly/wp-content/themes/naxly/assets/images/shape/shape-39.png]
[el.commonsupport.com/newwp/naxly/wp-content/themes/naxly/assets/images/shape/shape-40.png]
[el.commonsupport.com/newwp/naxly/wp-content/uploads/2020/03/service-4.png]
[el.commonsupport.com/newwp/naxly/wp-content/uploads/2020/03/service-5.png]
[el.commonsupport.com/newwp/naxly/wp-content/uploads/2020/03/service-6.png]
[el.commonsupport.com/newwp/naxly/wp-content/uploads/2020/03/shape-42.png]
[el.commonsupport.com/newwp/naxly/wp-content/themes/naxly/assets/images/icons/line-2.png]
[el.commonsupport.com/newwp/naxly/wp-content/themes/naxly/assets/images/icons/arrow-2.png]
[el.commonsupport.com/newwp/naxly/wp-content/uploads/2020/03/shape-43.png]
[el.commonsupport.com/newwp/naxly/wp-content/uploads/2020/03/gallery-7.jpg]
[el.commonsupport.com/newwp/naxly/wp-content/uploads/2020/03/gallery-8.jpg]
[el.commonsupport.com/newwp/naxly/wp-content/uploads/2020/03/gallery-11.jpg]
[el.commonsupport.com/newwp/naxly/wp-content/uploads/2020/03/gallery-12.jpg]
[el.commonsupport.com/newwp/naxly/wp-content/uploads/2020/03/shape-38.png]
[el.commonsupport.com/newwp/naxly/wp-content/uploads/2020/03/team-1.png]
[el.commonsupport.com/newwp/naxly/wp-content/uploads/2020/03/team-2.png]
[el.commonsupport.com/newwp/naxly/wp-content/uploads/2020/03/team-3.png]
[el.commonsupport.com/newwp/naxly/wp-content/uploads/2020/03/team-4.png]
[el.commonsupport.com/newwp/naxly/wp-content/uploads/2020/03/shape-44.png]
[el.commonsupport.com/newwp/naxly/wp-content/uploads/2020/03/glob-1.png]
[el.commonsupport.com/newwp/naxly/wp-content/uploads/2020/03/illastration-7.png]
[el.commonsupport.com/newwp/naxly/wp-content/themes/naxly/assets/images/icons/decor-7.png]
[el.commonsupport.com/newwp/naxly/wp-content/uploads/2020/03/rocket-1.png]
[el.commonsupport.com/newwp/naxly/wp-content/themes/naxly/assets/images/shape/shape-45.png]
[el.commonsupport.com/newwp/naxly/wp-content/uploads/2020/04/logo_UA-1.png]
[el.commonsupport.com/newwp/naxly/user-analysis/index.html]
[el.commonsupport.com/newwp/naxly/wp-json/wp/v2/pages/359.json]
[el.commonsupport.com/newwp/naxly/wp-json/oembed/1.0/embed41b5.json]
[el.commonsupport.com/newwp/naxly/wp-json/oembed/1.0/embed8575]
[el.commonsupport.com/newwp/naxly/home-boxed/index.html]
[el.commonsupport.com/newwp/naxly/wp-json/wp/v2/pages/1240.json]
[el.commonsupport.com/newwp/naxly/wp-json/oembed/1.0/embed2738.json]
[el.commonsupport.com/newwp/naxly/wp-json/oembed/1.0/embedd3b8]
[el.commonsupport.com/newwp/naxly/wp-content/uploads/2020/12/home-6-logo-default.png]
[el.commonsupport.com/newwp/naxly/wp-content/uploads/2020/12/small-logo-5.png]
[el.commonsupport.com/newwp/naxly/wp-content/uploads/2020/12/shape-63.png]
[el.commonsupport.com/newwp/naxly/wp-content/uploads/2020/12/banner-6-1.png]
[el.commonsupport.com/newwp/naxly/wp-content/uploads/2020/12/banner-6-2.png]
[el.commonsupport.com/newwp/naxly/wp-content/uploads/2020/12/banner-6-3.png]
[el.commonsupport.com/newwp/naxly/wp-content/uploads/2020/12/banner-6-4.png]
[el.commonsupport.com/newwp/naxly/wp-content/uploads/2020/12/banner-6-5.png]
[el.commonsupport.com/newwp/naxly/wp-content/uploads/2020/12/home-6-bg-shape-1.png]
[el.commonsupport.com/newwp/naxly/wp-content/uploads/2020/12/about-seven-1-2.png]
[el.commonsupport.com/newwp/naxly/wp-content/uploads/2020/12/about-seven-1-1.png]
[el.commonsupport.com/newwp/naxly/wp-content/uploads/2020/12/home-6-bg-shape-2.png]
[el.commonsupport.com/newwp/naxly/wp-content/uploads/2020/12/home-6-arrow-1.png]
[el.commonsupport.com/newwp/naxly/wp-content/uploads/2020/12/home-6-mision.png]
[el.commonsupport.com/newwp/naxly/wp-content/uploads/2020/12/hm-6-oval-1.png]
[el.commonsupport.com/newwp/naxly/wp-content/uploads/2020/12/hm-6-oval-2.png]
[el.commonsupport.com/newwp/naxly/wp-content/uploads/2020/12/hm-6-oval-3.png]
[el.commonsupport.com/newwp/naxly/wp-content/uploads/2020/12/home-6-bg-shape-1-1.png]
[el.commonsupport.com/newwp/naxly/wp-content/uploads/2020/12/home-6-video-1.png]
[el.commonsupport.com/newwp/naxly/wp-content/uploads/2020/12/home-6-video-center.jpg]
[el.commonsupport.com/newwp/naxly/wp-content/uploads/2020/12/hm-6-trasape-3-1.png]
[el.commonsupport.com/newwp/naxly/wp-content/uploads/2020/12/home-6-video-2.png]
[el.commonsupport.com/newwp/naxly/wp-content/uploads/2020/12/home-6-bg-shape-3.png]
[el.commonsupport.com/newwp/naxly/wp-content/uploads/2020/12/home-6-chanels-icn-1.png]
[el.commonsupport.com/newwp/naxly/wp-content/uploads/2020/12/home-6-chanels-icn-2.png]
[el.commonsupport.com/newwp/naxly/wp-content/uploads/2020/12/home-6-chanels-icn-3.png]
[el.commonsupport.com/newwp/naxly/wp-content/uploads/2020/12/home-6-chanels-icn-4.png]
[el.commonsupport.com/newwp/naxly/wp-content/uploads/2020/12/home-6-testi-box-1.png]
[el.commonsupport.com/newwp/naxly/wp-content/uploads/2020/12/home-6-testi-box-2.png]
[el.commonsupport.com/newwp/naxly/wp-content/uploads/2020/12/home-6-testi-box-3.png]
[el.commonsupport.com/newwp/naxly/wp-content/uploads/2020/12/home-6-testi-box-4.png]
[el.commonsupport.com/newwp/naxly/wp-content/uploads/2020/12/home-6-testi-box-1-160x161.png]
[el.commonsupport.com/newwp/naxly/wp-content/uploads/2020/12/home-6-testi-box-2-160x161.png]
[el.commonsupport.com/newwp/naxly/wp-content/uploads/2020/12/home-6-testi-box-3-160x161.png]
[el.commonsupport.com/newwp/naxly/wp-content/uploads/2020/12/home-6-testi-box-4-160x161.png]
[el.commonsupport.com/newwp/naxly/wp-content/uploads/2020/12/home-6-bg-shape-4.png]
[el.commonsupport.com/newwp/naxly/wp-content/uploads/2020/12/clients-logo-6.png]
[el.commonsupport.com/newwp/naxly/wp-content/uploads/2020/12/clients-logo-7.png]
[el.commonsupport.com/newwp/naxly/wp-content/uploads/2020/12/clients-logo-8.png]
[el.commonsupport.com/newwp/naxly/wp-content/uploads/2020/12/clients-logo-9.png]
[el.commonsupport.com/newwp/naxly/wp-content/uploads/2020/12/clients-logo-10.png]
[el.commonsupport.com/newwp/naxly/wp-content/uploads/2020/12/clients-logo-11.png]
[el.commonsupport.com/newwp/naxly/wp-content/uploads/2020/12/clients-logo-12.png]
[el.commonsupport.com/newwp/naxly/wp-content/uploads/2020/03/news-6.jpg]
[el.commonsupport.com/newwp/naxly/wp-content/uploads/2020/12/home-6-logo-default-white.png]
[el.commonsupport.com/newwp/naxly/chatbot/index.html]
[el.commonsupport.com/newwp/naxly/wp-json/wp/v2/pages/1331.json]
[el.commonsupport.com/newwp/naxly/wp-json/oembed/1.0/embedd154.json]
[el.commonsupport.com/newwp/naxly/wp-json/oembed/1.0/embedccc5]
[el.commonsupport.com/newwp/naxly/wp-content/uploads/2020/12/home-7-logo-default-white.png]
[el.commonsupport.com/newwp/naxly/wp-content/uploads/2020/12/logo.png]
[el.commonsupport.com/newwp/naxly/wp-content/uploads/2020/12/home-7-banner-bg.png]
[el.commonsupport.com/newwp/naxly/wp-content/uploads/2020/12/banner-7-1.png]
[el.commonsupport.com/newwp/naxly/wp-content/uploads/2020/12/banner-7-2.png]
[el.commonsupport.com/newwp/naxly/wp-content/uploads/2020/12/home-7-bg-shape-1.png]
[el.commonsupport.com/newwp/naxly/wp-content/uploads/2020/12/home-7-bg-shape-2.png]
[el.commonsupport.com/newwp/naxly/wp-content/uploads/2020/12/home-7-face-reco-2.png]
[el.commonsupport.com/newwp/naxly/wp-content/uploads/2020/12/home-7-face-reco-3.png]
[el.commonsupport.com/newwp/naxly/wp-content/uploads/2020/12/home-7-face-reco-1.png]
[el.commonsupport.com/newwp/naxly/wp-content/uploads/2020/12/home-7-face-icon-bg.png]
[el.commonsupport.com/newwp/naxly/wp-content/uploads/2020/12/home-7-face-icon-bg-3.png]
[el.commonsupport.com/newwp/naxly/wp-content/uploads/2020/12/home-7-scan-image.png]
[el.commonsupport.com/newwp/naxly/wp-content/uploads/2020/12/home-7-face-icon-bg-2.png]
[el.commonsupport.com/newwp/naxly/wp-content/uploads/2020/12/home-7-face-icon-bg-4.png]
[el.commonsupport.com/newwp/naxly/wp-content/uploads/2020/12/app-screen-shot1.png]
[el.commonsupport.com/newwp/naxly/wp-content/uploads/2020/12/app-screen-shot2.png]
[el.commonsupport.com/newwp/naxly/wp-content/uploads/2020/12/app-screen-shot3.png]
[el.commonsupport.com/newwp/naxly/wp-content/uploads/2020/12/app-screen-shot4.png]
[el.commonsupport.com/newwp/naxly/wp-content/uploads/2020/12/app-screen-shot5.png]
[el.commonsupport.com/newwp/naxly/wp-content/uploads/2020/12/home-7-customize-solutions.png]
[el.commonsupport.com/newwp/naxly/wp-content/uploads/2020/12/home-7-download-app.jpg]
[el.commonsupport.com/newwp/naxly/wp-content/uploads/2020/12/home-7-faq.png]
[el.commonsupport.com/newwp/naxly/wp-content/uploads/2020/12/mail-chip.png]
[el.commonsupport.com/newwp/naxly/mobile-app/index.html]
[el.commonsupport.com/newwp/naxly/wp-json/wp/v2/pages/1385.json]
[el.commonsupport.com/newwp/naxly/wp-json/oembed/1.0/embedee0d.json]
[el.commonsupport.com/newwp/naxly/wp-json/oembed/1.0/embedeb33]
[el.commonsupport.com/newwp/naxly/wp-content/uploads/2020/12/home-8-logo-default-white.png]
[el.commonsupport.com/newwp/naxly/wp-content/uploads/2020/12/banner-8-2.png]
[el.commonsupport.com/newwp/naxly/wp-content/uploads/2020/12/banner-8-1.png]
[el.commonsupport.com/newwp/naxly/wp-content/uploads/2020/12/home-8-welcome-shapes-2.png]
[el.commonsupport.com/newwp/naxly/wp-content/uploads/2020/12/home-8-welcome-shapes-1.png]
[el.commonsupport.com/newwp/naxly/wp-content/uploads/2020/12/home-8-funfactbg.png]
[el.commonsupport.com/newwp/naxly/wp-content/uploads/2020/12/home-8-about.png]
[hb.wpmucdn.com/el.commonsupport.com/30f458ec-7cb5-4663-a309-ee23aea89650.js]
[el.commonsupport.com/newwp/naxly/wp-content/uploads/2020/12/home-80sentiment.png]
[el.commonsupport.com/newwp/naxly/wp-content/uploads/2020/12/home-8-purpose.png]
[el.commonsupport.com/newwp/naxly/wp-content/uploads/2020/12/home-8-purposebg-1.png]
[el.commonsupport.com/newwp/naxly/wp-content/uploads/2020/12/home-8-purposebg-2.png]
[el.commonsupport.com/newwp/naxly/wp-content/uploads/2020/12/home-8-price-plan-bg-1.png]
[el.commonsupport.com/newwp/naxly/wp-content/uploads/2020/12/home-8-testi-bg.jpg]
[el.commonsupport.com/newwp/naxly/wp-content/uploads/2020/12/testimonial-5.png]
[el.commonsupport.com/newwp/naxly/wp-content/uploads/2020/12/testimonial-6.png]
[el.commonsupport.com/newwp/naxly/wp-content/uploads/2020/12/testimonial-7.png]
[el.commonsupport.com/newwp/naxly/wp-content/uploads/2020/12/home-8-contact.jpg]
[el.commonsupport.com/newwp/naxly/sentiment-analysis/index.html]
[el.commonsupport.com/newwp/naxly/wp-json/wp/v2/pages/934.json]
[el.commonsupport.com/newwp/naxly/wp-json/oembed/1.0/embed46fb.json]
[el.commonsupport.com/newwp/naxly/wp-json/oembed/1.0/embed64ca]
[el.commonsupport.com/newwp/naxly/wp-content/uploads/2020/04/testimonial-1.png]
[el.commonsupport.com/newwp/naxly/home-rtl/index.html]
[el.commonsupport.com/newwp/naxly/wp-json/wp/v2/pages/937.json]
[el.commonsupport.com/newwp/naxly/wp-json/oembed/1.0/embed03c6.json]
[el.commonsupport.com/newwp/naxly/wp-json/oembed/1.0/embeded24]
[el.commonsupport.com/newwp/naxly/home-onepage/index.html]
[el.commonsupport.com/newwp/naxly/wp-json/wp/v2/pages/474.json]
[el.commonsupport.com/newwp/naxly/wp-json/oembed/1.0/embed91c8.json]
[el.commonsupport.com/newwp/naxly/wp-json/oembed/1.0/embedc49b]
[el.commonsupport.com/newwp/naxly/wp-content/uploads/2020/03/shape-62.png]
[el.commonsupport.com/newwp/naxly/wp-content/uploads/2020/03/about-3.jpg]
[el.commonsupport.com/newwp/naxly/wp-content/uploads/2020/03/about-4.jpg]
[el.commonsupport.com/newwp/naxly/wp-content/uploads/2020/03/about-5.jpg]
[el.commonsupport.com/newwp/naxly/wp-content/themes/naxly/assets/images/shape/shape-46.png]
[el.commonsupport.com/newwp/naxly/wp-content/uploads/2020/03/shape-47.png]
[el.commonsupport.com/newwp/naxly/wp-content/uploads/2020/03/arrow-3.png]
[el.commonsupport.com/newwp/naxly/wp-content/uploads/2020/03/illastration-8.png]
[el.commonsupport.com/newwp/naxly/wp-content/uploads/2020/03/choose-1.jpg]
[el.commonsupport.com/newwp/naxly/wp-content/uploads/2020/03/choose-2.jpg]
[el.commonsupport.com/newwp/naxly/wp-content/themes/naxly/assets/images/icons/icon-5.png]
[el.commonsupport.com/newwp/naxly/about-company/index.html]
[el.commonsupport.com/newwp/naxly/wp-json/wp/v2/pages/498.json]
[el.commonsupport.com/newwp/naxly/wp-json/oembed/1.0/embedb83f.json]
[el.commonsupport.com/newwp/naxly/wp-json/oembed/1.0/embed0eb0]
[el.commonsupport.com/newwp/naxly/wp-content/themes/naxly/assets/images/shape/shape-62.png]
[el.commonsupport.com/newwp/naxly/meet-our-team/index.html]
[el.commonsupport.com/newwp/naxly/wp-json/wp/v2/pages/508.json]
[el.commonsupport.com/newwp/naxly/wp-json/oembed/1.0/embed8cb9]
[el.commonsupport.com/newwp/naxly/wp-json/oembed/1.0/embed3288]
[el.commonsupport.com/newwp/naxly/get-in-touch/index.html]
[el.commonsupport.com/newwp/naxly/wp-json/wp/v2/pages/523.json]
[el.commonsupport.com/newwp/naxly/wp-json/oembed/1.0/embedfb25.json]
[el.commonsupport.com/newwp/naxly/wp-json/oembed/1.0/embed6ee3]
[el.commonsupport.com/newwp/naxly/wp-content/uploads/2020/03/service-7.png]
[el.commonsupport.com/newwp/naxly/wp-content/uploads/2020/03/service-8.png]
[el.commonsupport.com/newwp/naxly/wp-content/uploads/2020/03/service-9.png]
[el.commonsupport.com/newwp/naxly/wp-content/uploads/2020/03/service-10.png]
[el.commonsupport.com/newwp/naxly/wp-content/uploads/2020/03/shape-49.png]
[el.commonsupport.com/newwp/naxly/wp-content/themes/naxly/assets/images/icons/line-3.png]
[el.commonsupport.com/newwp/naxly/wp-content/themes/naxly/assets/images/icons/border-3.png]
[el.commonsupport.com/newwp/naxly/wp-content/uploads/2020/03/award-1.png]
[el.commonsupport.com/newwp/naxly/wp-content/uploads/2020/03/testimonial-8.png]
[el.commonsupport.com/newwp/naxly/our-services/index.html]
[el.commonsupport.com/newwp/naxly/wp-json/wp/v2/pages/700.json]
[el.commonsupport.com/newwp/naxly/wp-json/oembed/1.0/embed8139.json]
[el.commonsupport.com/newwp/naxly/wp-json/oembed/1.0/embed1eb7]
[el.commonsupport.com/newwp/naxly/wp-content/uploads/2020/03/service-details-1.jpg]
[el.commonsupport.com/newwp/naxly/wp-content/uploads/2020/03/service-details-2.jpg]
[el.commonsupport.com/newwp/naxly/wp-content/themes/naxly/assets/images/icons/icon-6.png]
[el.commonsupport.com/newwp/naxly/wp-content/themes/naxly/assets/images/icons/icon-7.png]
[el.commonsupport.com/newwp/naxly/wp-content/uploads/2020/03/gallery-7-370x340.jpg]
[el.commonsupport.com/newwp/naxly/wp-content/uploads/2020/03/gallery-8-370x340.jpg]
[el.commonsupport.com/newwp/naxly/wp-content/themes/naxly/assets/images/shape/shape-48.png]
[el.commonsupport.com/newwp/naxly/service-details/index.html]
[el.commonsupport.com/newwp/naxly/wp-json/wp/v2/pages/548.json]
[el.commonsupport.com/newwp/naxly/wp-json/oembed/1.0/embed4c42.json]
[el.commonsupport.com/newwp/naxly/wp-json/oembed/1.0/embedf82c]
[el.commonsupport.com/newwp/naxly/wp-content/uploads/2020/03/gallery-14.jpg]
[el.commonsupport.com/newwp/naxly/wp-content/uploads/2020/03/gallery-15.jpg]
[el.commonsupport.com/newwp/naxly/wp-content/uploads/2020/03/gallery-16.jpg]
[el.commonsupport.com/newwp/naxly/wp-content/uploads/2020/03/gallery-13.jpg]
[el.commonsupport.com/newwp/naxly/project-2-columns/index.html]
[el.commonsupport.com/newwp/naxly/wp-json/wp/v2/pages/567.json]
[el.commonsupport.com/newwp/naxly/wp-json/oembed/1.0/embedf870.json]
[el.commonsupport.com/newwp/naxly/wp-json/oembed/1.0/embed8f82]
[el.commonsupport.com/newwp/naxly/wp-content/uploads/2020/03/gallery-18.jpg]
[el.commonsupport.com/newwp/naxly/wp-content/uploads/2020/03/gallery-20.jpg]
[el.commonsupport.com/newwp/naxly/project-3-columns/index.html]
[el.commonsupport.com/newwp/naxly/wp-json/wp/v2/pages/586.json]
[el.commonsupport.com/newwp/naxly/wp-json/oembed/1.0/embed90bd.json]
[el.commonsupport.com/newwp/naxly/wp-json/oembed/1.0/embed5dc9]
[el.commonsupport.com/newwp/naxly/case-studies/index.html]
[el.commonsupport.com/newwp/naxly/wp-json/oembed/1.0/embedcfbe.json]
[el.commonsupport.com/newwp/naxly/wp-json/oembed/1.0/embedfe7c]
[el.commonsupport.com/newwp/naxly/wp-content/uploads/2020/03/gallery-29.jpg]
[hb.wpmucdn.com/el.commonsupport.com/476c736d-e684-4955-b1f8-a6fb8c6e26a0.css]
[el.commonsupport.com/newwp/naxly/wp-content/uploads/2020/03/illastration-9.png]
[el.commonsupport.com/newwp/naxly/wp-content/themes/naxly/assets/images/icons/icon-8.png]
[el.commonsupport.com/newwp/naxly/wp-content/themes/naxly/assets/images/icons/icon-9.png]
[el.commonsupport.com/newwp/naxly/naxly_project/baby-care-mobile-app/index.html]
[el.commonsupport.com/newwp/naxly/wp-json/wp/v2/pages/593.json]
[el.commonsupport.com/newwp/naxly/wp-json/oembed/1.0/embed6190.json]
[el.commonsupport.com/newwp/naxly/wp-json/oembed/1.0/embed5f74]
[el.commonsupport.com/newwp/naxly/wp-content/uploads/2020/03/news-9.jpg]
[el.commonsupport.com/newwp/naxly/wp-content/uploads/2020/03/news-5.jpg]
[el.commonsupport.com/newwp/naxly/wp-content/uploads/2020/03/news-7.jpg]
[el.commonsupport.com/newwp/naxly/wp-content/uploads/2020/03/news-8.jpg]
[el.commonsupport.com/newwp/naxly/wp-content/uploads/2020/03/news-10.jpg]
[el.commonsupport.com/newwp/naxly/classic-grid/index.html]
[el.commonsupport.com/newwp/naxly/wp-json/wp/v2/pages/619.json]
[el.commonsupport.com/newwp/naxly/wp-json/oembed/1.0/embed2267.json]
[el.commonsupport.com/newwp/naxly/wp-json/oembed/1.0/embedc8e4]
[el.commonsupport.com/newwp/naxly/classic-with-s-b/index.html]
[el.commonsupport.com/newwp/naxly/wp-content/uploads/2020/03/news-19.jpg]
[el.commonsupport.com/newwp/naxly/modern-with-s-b/index.html]
[el.commonsupport.com/newwp/naxly/indexf425.html]
[el.commonsupport.com/newwp/naxly/wp-json/wp/v2/pages/734.json]
[el.commonsupport.com/newwp/naxly/wp-json/oembed/1.0/embed70e6.json]
[el.commonsupport.com/newwp/naxly/service-01/index.html]
[el.commonsupport.com/newwp/naxly/wp-json/oembed/1.0/embed516f]
[el.commonsupport.com/newwp/naxly/wp-json/wp/v2/pages/737.json]
[el.commonsupport.com/newwp/naxly/wp-json/oembed/1.0/embed90d3.json]
[el.commonsupport.com/newwp/naxly/wp-json/oembed/1.0/embed2011]
[el.commonsupport.com/newwp/naxly/service-02/index.html]
[el.commonsupport.com/newwp/naxly/wp-json/wp/v2/pages/745.json]
[el.commonsupport.com/newwp/naxly/wp-json/oembed/1.0/embed5aeb.json]
[el.commonsupport.com/newwp/naxly/wp-json/oembed/1.0/embedc09e]
[el.commonsupport.com/newwp/naxly/about-01/index.html]
[el.commonsupport.com/newwp/naxly/wp-json/wp/v2/pages/747.json]
[el.commonsupport.com/newwp/naxly/wp-json/oembed/1.0/embed9546.json]
[el.commonsupport.com/newwp/naxly/wp-json/oembed/1.0/embed51a9]
[el.commonsupport.com/newwp/naxly/about-02/index.html]
[el.commonsupport.com/newwp/naxly/wp-json/wp/v2/pages/749.json]
[el.commonsupport.com/newwp/naxly/wp-json/oembed/1.0/embedcbf0.json]
[el.commonsupport.com/newwp/naxly/wp-json/oembed/1.0/embed54ad]
[el.commonsupport.com/newwp/naxly/about-03/index.html]
[el.commonsupport.com/newwp/naxly/wp-json/wp/v2/pages/762.json]
[el.commonsupport.com/newwp/naxly/wp-json/oembed/1.0/embed3bd0.json]
[el.commonsupport.com/newwp/naxly/wp-json/oembed/1.0/embeda6e8]
[el.commonsupport.com/newwp/naxly/about-04/index.html]
[el.commonsupport.com/newwp/naxly/wp-json/wp/v2/pages/768.json]
[el.commonsupport.com/newwp/naxly/wp-json/oembed/1.0/embed561f.json]
[el.commonsupport.com/newwp/naxly/wp-json/oembed/1.0/embeda684]
[el.commonsupport.com/newwp/naxly/about-05/index.html]
[el.commonsupport.com/newwp/naxly/wp-json/wp/v2/pages/775.json]
[el.commonsupport.com/newwp/naxly/wp-json/oembed/1.0/embed827c.json]
[el.commonsupport.com/newwp/naxly/wp-json/oembed/1.0/embedf58c]
[el.commonsupport.com/newwp/naxly/about-06/index.html]
[el.commonsupport.com/newwp/naxly/wp-json/wp/v2/pages/785.json]
[el.commonsupport.com/newwp/naxly/wp-json/oembed/1.0/embed075b.json]
[el.commonsupport.com/newwp/naxly/wp-json/oembed/1.0/embed9e24]
[el.commonsupport.com/newwp/naxly/work-01/index.html]
[el.commonsupport.com/newwp/naxly/wp-json/wp/v2/pages/791.json]
[el.commonsupport.com/newwp/naxly/wp-json/oembed/1.0/embed1a97.json]
[el.commonsupport.com/newwp/naxly/wp-json/oembed/1.0/embed061b]
[el.commonsupport.com/newwp/naxly/work-02/index.html]
[el.commonsupport.com/newwp/naxly/wp-json/wp/v2/pages/800.json]
[el.commonsupport.com/newwp/naxly/wp-json/oembed/1.0/embed55df.json]
[el.commonsupport.com/newwp/naxly/wp-json/oembed/1.0/embede038]
[el.commonsupport.com/newwp/naxly/skills-01/index.html]
[el.commonsupport.com/newwp/naxly/wp-json/wp/v2/pages/804.json]
[el.commonsupport.com/newwp/naxly/wp-json/oembed/1.0/embed1f1b.json]
[el.commonsupport.com/newwp/naxly/wp-json/oembed/1.0/embed0b24]
[el.commonsupport.com/newwp/naxly/skills-02/index.html]
[el.commonsupport.com/newwp/naxly/wp-json/wp/v2/pages/808.json]
[el.commonsupport.com/newwp/naxly/wp-json/oembed/1.0/embed4171.json]
[el.commonsupport.com/newwp/naxly/wp-json/oembed/1.0/embed3fd8]
[el.commonsupport.com/newwp/naxly/case-01/index.html]
[el.commonsupport.com/newwp/naxly/wp-json/wp/v2/pages/814.json]
[el.commonsupport.com/newwp/naxly/wp-json/oembed/1.0/embedc839.json]
[el.commonsupport.com/newwp/naxly/wp-json/oembed/1.0/embedd488]
[el.commonsupport.com/newwp/naxly/case-02/index.html]
[el.commonsupport.com/newwp/naxly/wp-json/wp/v2/pages/816.json]
[el.commonsupport.com/newwp/naxly/wp-json/oembed/1.0/embed4207.json]
[el.commonsupport.com/newwp/naxly/wp-json/oembed/1.0/embede754]
[el.commonsupport.com/newwp/naxly/case-03/index.html]
[el.commonsupport.com/newwp/naxly/wp-json/wp/v2/pages/822.json]
[el.commonsupport.com/newwp/naxly/wp-json/oembed/1.0/embedc5ab.json]
[el.commonsupport.com/newwp/naxly/wp-json/oembed/1.0/embed5146]
[el.commonsupport.com/newwp/naxly/case-04/index.html]
[el.commonsupport.com/newwp/naxly/wp-json/wp/v2/pages/831.json]
[el.commonsupport.com/newwp/naxly/wp-json/oembed/1.0/embedef7e.json]
[el.commonsupport.com/newwp/naxly/wp-json/oembed/1.0/embed91cf]
[el.commonsupport.com/newwp/naxly/fun-fact-01/index.html]
[el.commonsupport.com/newwp/naxly/wp-json/wp/v2/pages/836.json]
[el.commonsupport.com/newwp/naxly/wp-json/oembed/1.0/embed248b.json]
[el.commonsupport.com/newwp/naxly/wp-json/oembed/1.0/embeda0e7]
[el.commonsupport.com/newwp/naxly/fun-fact-02/index.html]
[el.commonsupport.com/newwp/naxly/wp-json/wp/v2/pages/838.json]
[el.commonsupport.com/newwp/naxly/wp-json/oembed/1.0/embed46d0.json]
[el.commonsupport.com/newwp/naxly/wp-json/oembed/1.0/embed9984]
[el.commonsupport.com/newwp/naxly/fun-fact-03/index.html]
[el.commonsupport.com/newwp/naxly/wp-json/wp/v2/pages/843.json]
[el.commonsupport.com/newwp/naxly/wp-json/oembed/1.0/embedbeec.json]
[el.commonsupport.com/newwp/naxly/wp-json/oembed/1.0/embed6c61]
[el.commonsupport.com/newwp/naxly/fun-fact-04/index.html]
[el.commonsupport.com/newwp/naxly/wp-json/wp/v2/pages/846.json]
[el.commonsupport.com/newwp/naxly/wp-json/oembed/1.0/embed211f.json]
[el.commonsupport.com/newwp/naxly/news-01/index.html]
[el.commonsupport.com/newwp/naxly/wp-json/oembed/1.0/embed33fb]
[el.commonsupport.com/newwp/naxly/wp-json/wp/v2/pages/847.json]
[el.commonsupport.com/newwp/naxly/wp-json/oembed/1.0/embed9711.json]
[hb.wpmucdn.com/el.commonsupport.com/89dfcd6b-2391-4e44-88cc-06189689ced6.css]
[el.commonsupport.com/newwp/naxly/wp-json/oembed/1.0/embed163a]
[el.commonsupport.com/newwp/naxly/news-02/index.html]
[el.commonsupport.com/newwp/naxly/wp-json/wp/v2/pages/848.json]
[el.commonsupport.com/newwp/naxly/wp-json/oembed/1.0/embed778d.json]
[el.commonsupport.com/newwp/naxly/wp-json/oembed/1.0/embed01f5]
[el.commonsupport.com/newwp/naxly/news-03/index.html]
[el.commonsupport.com/newwp/naxly/wp-json/wp/v2/pages/849.json]
[el.commonsupport.com/newwp/naxly/wp-json/oembed/1.0/embedb148.json]
[el.commonsupport.com/newwp/naxly/wp-json/oembed/1.0/embedccc4]
[el.commonsupport.com/newwp/naxly/news-04/index.html]
[el.commonsupport.com/newwp/naxly/wp-json/wp/v2/pages/883.json]
[el.commonsupport.com/newwp/naxly/wp-json/oembed/1.0/embed706c.json]
[el.commonsupport.com/newwp/naxly/wp-json/oembed/1.0/embedcaf7]
[el.commonsupport.com/newwp/naxly/choose-us-01/index.html]
[el.commonsupport.com/newwp/naxly/wp-json/wp/v2/pages/888.json]
[el.commonsupport.com/newwp/naxly/wp-json/oembed/1.0/embed790c.json]
[el.commonsupport.com/newwp/naxly/wp-json/oembed/1.0/embed0eea]
[el.commonsupport.com/newwp/naxly/choose-us-02/index.html]
[el.commonsupport.com/newwp/naxly/wp-json/wp/v2/pages/893.json]
[el.commonsupport.com/newwp/naxly/wp-json/oembed/1.0/embed87b6.json]
[el.commonsupport.com/newwp/naxly/wp-json/oembed/1.0/embed443b]
[el.commonsupport.com/newwp/naxly/choose-us-03/index.html]
[el.commonsupport.com/newwp/naxly/wp-json/wp/v2/pages/899.json]
[el.commonsupport.com/newwp/naxly/wp-json/oembed/1.0/embedae69.json]
[hb.wpmucdn.com/el.commonsupport.com/38122925-baa4-4831-8226-b32a8507d5ae.css]
[el.commonsupport.com/newwp/naxly/wp-json/oembed/1.0/embed5d4b]
[el.commonsupport.com/newwp/naxly/team-01/index.html]
[el.commonsupport.com/newwp/naxly/wp-json/wp/v2/pages/904.json]
[el.commonsupport.com/newwp/naxly/wp-json/oembed/1.0/embed3ebc.json]
[el.commonsupport.com/newwp/naxly/wp-json/oembed/1.0/embedcb9a]
[el.commonsupport.com/newwp/naxly/team-02/index.html]
[el.commonsupport.com/newwp/naxly/wp-json/wp/v2/pages/909.json]
[el.commonsupport.com/newwp/naxly/wp-json/oembed/1.0/embedc579.json]
[el.commonsupport.com/newwp/naxly/wp-json/oembed/1.0/embedabf3]
[el.commonsupport.com/newwp/naxly/team-03/index.html]
[el.commonsupport.com/newwp/naxly/wp-json/wp/v2/pages/915.json]
[el.commonsupport.com/newwp/naxly/wp-json/oembed/1.0/embed546f.json]
[el.commonsupport.com/newwp/naxly/wp-json/oembed/1.0/embed3c9b]
[el.commonsupport.com/newwp/naxly/team-04/index.html]
[el.commonsupport.com/newwp/naxly/wp-json/wp/v2/pages/920.json]
[el.commonsupport.com/newwp/naxly/wp-json/oembed/1.0/embed14cd.json]
[el.commonsupport.com/newwp/naxly/wp-json/oembed/1.0/embedaed5]
[el.commonsupport.com/newwp/naxly/technology/index.html]
[el.commonsupport.com/newwp/naxly/index8d4e.html]
[el.commonsupport.com/newwp/naxly/wp-json/wp/v2/pages/673.json]
[el.commonsupport.com/newwp/naxly/wp-json/oembed/1.0/embed0295.json]
[el.commonsupport.com/newwp/naxly/wp-json/oembed/1.0/embedb37b]
[el.commonsupport.com/newwp/naxly/wp-content/uploads/2020/03/comingsoon-1.jpg]
[el.commonsupport.com/newwp/naxly/wp-content/uploads/2020/03/shape-54.png]
[el.commonsupport.com/newwp/naxly/wp-content/uploads/2020/03/logo-1.png]
[el.commonsupport.com/newwp/naxly/coming-soon/index.html]
[el.commonsupport.com/newwp/naxly/wp-json/wp/v2/pages/670.json]
[el.commonsupport.com/newwp/naxly/wp-json/oembed/1.0/embedfc5b.json]
[el.commonsupport.com/newwp/naxly/wp-json/oembed/1.0/embed2817]
[el.commonsupport.com/newwp/naxly/faqs/index.html]
[el.commonsupport.com/newwp/naxly/wp-content/uploads/2020/03/shape-58.png]
[el.commonsupport.com/newwp/naxly/wp-json/oembed/1.0/embedde5f.json]
[el.commonsupport.com/newwp/naxly/wp-json/oembed/1.0/embedf046]
[el.commonsupport.com/newwp/naxly/naxly_project/consulting-on-invoice-data-capture/index.html]
[el.commonsupport.com/newwp/naxly/wp-json/oembed/1.0/embeded3d.json]
[el.commonsupport.com/newwp/naxly/wp-json/oembed/1.0/embed4770]
[el.commonsupport.com/newwp/naxly/naxly_project/automate-feedback-analysis/index.html]
[el.commonsupport.com/newwp/naxly/wp-json/oembed/1.0/embed751b.json]
[el.commonsupport.com/newwp/naxly/wp-json/oembed/1.0/embed7f8e]
[el.commonsupport.com/newwp/naxly/naxly_project/big-data-processing-implementation/index.html]
[el.commonsupport.com/newwp/naxly/wp-json/oembed/1.0/embed0f4f.json]
[el.commonsupport.com/newwp/naxly/wp-json/oembed/1.0/embed6846]
[el.commonsupport.com/newwp/naxly/naxly_project/bi-implementation-for-baby-care-app/index.html]
[el.commonsupport.com/newwp/naxly/wp-json/wp/v2/categories/7.json]
[el.commonsupport.com/newwp/naxly/category/latest-news/feed/index.html]
[el.commonsupport.com/newwp/naxly/category/latest-news/index.html]
[el.commonsupport.com/newwp/naxly/wp-json/wp/v2/posts/90.json]
[el.commonsupport.com/newwp/naxly/wp-json/oembed/1.0/embedc5a0.json]
[el.commonsupport.com/newwp/naxly/2020/08/naxly-named-as-a-global-leader-in-big-data/feed/index.html]
[el.commonsupport.com/newwp/naxly/wp-json/oembed/1.0/embedb6b0]
[el.commonsupport.com/newwp/naxly/wp-content/uploads/2020/03/news-24.jpg]
[el.commonsupport.com/newwp/naxly/wp-content/uploads/2020/03/news-25.jpg]
[hb.wpmucdn.com/el.commonsupport.com/af51b53c-3e63-4efe-adb5-cf573a38c5da.js]
[el.commonsupport.com/newwp/naxly/2020/08/naxly-named-as-a-global-leader-in-big-data/index.html]
[el.commonsupport.com/newwp/naxly/wp-json/wp/v2/posts/96.json]
[el.commonsupport.com/newwp/naxly/2020/08/the-current-state-of-artificial-intelligence-infographic/feed/index.html]
[el.commonsupport.com/newwp/naxly/wp-json/oembed/1.0/embedd7f2.json]
[el.commonsupport.com/newwp/naxly/wp-json/oembed/1.0/embed98ef]
[el.commonsupport.com/newwp/naxly/2020/08/the-current-state-of-artificial-intelligence-infographic/index.html]
[el.commonsupport.com/newwp/naxly/wp-json/wp/v2/posts/98.json]
[el.commonsupport.com/newwp/naxly/2020/08/naxly-as-the-winners-in-global-agency-awards/feed/index.html]
[el.commonsupport.com/newwp/naxly/wp-json/oembed/1.0/embed2db7.json]
[el.commonsupport.com/newwp/naxly/wp-json/oembed/1.0/embedaf9b]
[el.commonsupport.com/newwp/naxly/2020/08/naxly-as-the-winners-in-global-agency-awards/index.html]
[el.commonsupport.com/newwp/naxly/wp-content/themes/naxly/assets/fonts/fa-brands-400.svg]
[el.commonsupport.com/newwp/naxly/wp-content/themes/naxly/assets/fonts/fa-regular-400.svg]
[el.commonsupport.com/newwp/naxly/wp-content/themes/naxly/assets/fonts/fa-solid-900.svg]
[el.commonsupport.com/newwp/naxly/wp-content/themes/naxly/assets/fonts/Flaticon.svg]
[el.commonsupport.com/newwp/naxly/wp-content/themes/naxly/assets/css/owl.video.play.html]
[el.commonsupport.com/newwp/naxly/wp-content/themes/naxly/assets/css/images/ui-icons_444444_256x240.html]
[el.commonsupport.com/newwp/naxly/wp-content/themes/naxly/assets/css/images/ui-icons_555555_256x240.html]
[el.commonsupport.com/newwp/naxly/wp-content/themes/naxly/assets/css/images/ui-icons_ffffff_256x240.html]
[el.commonsupport.com/newwp/naxly/wp-content/themes/naxly/assets/css/images/ui-icons_777620_256x240.html]
[el.commonsupport.com/newwp/naxly/wp-content/themes/naxly/assets/css/images/ui-icons_cc0000_256x240.html]
[el.commonsupport.com/newwp/naxly/wp-content/themes/naxly/assets/css/images/ui-icons_777777_256x240.html]
[el.commonsupport.com/newwp/naxly/index0a10.html]
[el.commonsupport.com/newwp/naxly/wp-json/oembed/1.0/embed0173.json]
[el.commonsupport.com/newwp/naxly/wp-json/oembed/1.0/embed9c07]
[el.commonsupport.com/newwp/naxly/naxly_project/invoice-data-capture/index.html]
[el.commonsupport.com/newwp/naxly/wp-json/oembed/1.0/embedcf03.json]
[el.commonsupport.com/newwp/naxly/wp-json/oembed/1.0/embedbbdc]
[el.commonsupport.com/newwp/naxly/naxly_project/automate-feedback-analysis-2/index.html]
[el.commonsupport.com/newwp/naxly/wp-json/oembed/1.0/embedab71.json]
[el.commonsupport.com/newwp/naxly/wp-json/oembed/1.0/embedaa5a]
[el.commonsupport.com/newwp/naxly/naxly_project/big-data-processing/index.html]
[el.commonsupport.com/newwp/naxly/wp-json/oembed/1.0/embed5b86.json]
[el.commonsupport.com/newwp/naxly/wp-json/oembed/1.0/embed4700]
[el.commonsupport.com/newwp/naxly/naxly_project/invoice-data-capture-2/index.html]
[el.commonsupport.com/newwp/naxly/wp-json/oembed/1.0/embed14bf.json]
[el.commonsupport.com/newwp/naxly/wp-json/oembed/1.0/embed6aa1]
[el.commonsupport.com/newwp/naxly/naxly_project/automate-feedback-analysis-3/index.html]
[el.commonsupport.com/newwp/naxly/wp-json/wp/v2/categories/27.json]
[el.commonsupport.com/newwp/naxly/category/blog-masonry/index.html]
[el.commonsupport.com/newwp/naxly/category/blog-masonry/feed/index.html]
[el.commonsupport.com/newwp/naxly/wp-json/wp/v2/posts/641.json]
[el.commonsupport.com/newwp/naxly/2020/08/the-current-state-of-artificial-intelligence-infographic-4/feed/index.html]
[el.commonsupport.com/newwp/naxly/wp-json/oembed/1.0/embed23c4.json]
[el.commonsupport.com/newwp/naxly/wp-json/oembed/1.0/embed71e5]
[el.commonsupport.com/newwp/naxly/2020/08/the-current-state-of-artificial-intelligence-infographic-4/index.html]
[el.commonsupport.com/newwp/naxly/wp-json/wp/v2/posts/635.json]
[el.commonsupport.com/newwp/naxly/2020/08/naxly-named-as-a-global-leader-in-big-data-5/feed/index.html]
[el.commonsupport.com/newwp/naxly/wp-json/oembed/1.0/embedf3d6.json]
[el.commonsupport.com/newwp/naxly/wp-json/oembed/1.0/embed6326]
[el.commonsupport.com/newwp/naxly/2020/08/naxly-named-as-a-global-leader-in-big-data-5/index.html]
[el.commonsupport.com/newwp/naxly/indexc140.html]
[el.commonsupport.com/newwp/naxly/index67bc.html]
[el.commonsupport.com/newwp/naxly/index0776.html]
[el.commonsupport.com/newwp/naxly/wp-json/oembed/1.0/embedf077.json]
[el.commonsupport.com/newwp/naxly/naxly_project/banking-finance/index.html]
[el.commonsupport.com/newwp/naxly/wp-json/oembed/1.0/embedc760]
[el.commonsupport.com/newwp/naxly/wp-json/oembed/1.0/embed8a96.json]
[el.commonsupport.com/newwp/naxly/naxly_project/automate-feedback-analysis-4/index.html]
[el.commonsupport.com/newwp/naxly/wp-json/oembed/1.0/embed2f51]
[el.commonsupport.com/newwp/naxly/wp-json/oembed/1.0/embedf910]
[el.commonsupport.com/newwp/naxly/wp-json/oembed/1.0/embedc14c]
[el.commonsupport.com/newwp/naxly/naxly_project/automate-feedback-analysis-5/index.html]
[el.commonsupport.com/newwp/naxly/wp-json/oembed/1.0/embed814c.json]
[el.commonsupport.com/newwp/naxly/wp-json/oembed/1.0/embed5d1d]
[el.commonsupport.com/newwp/naxly/naxly_project/automate-feedback-analysis-6/index.html]
[el.commonsupport.com/newwp/naxly/indexcaf0.html]
[el.commonsupport.com/newwp/naxly/index6cb3.html]
[el.commonsupport.com/newwp/naxly/wp-json/wp/v2/tags/37.json]
[el.commonsupport.com/newwp/naxly/tag/license/feed/index.html]
[el.commonsupport.com/newwp/naxly/wp-content/uploads/2020/03/news-18.jpg]
[el.commonsupport.com/newwp/naxly/tag/license/index.html]
[el.commonsupport.com/newwp/naxly/wp-json/wp/v2/tags/38.json]
[el.commonsupport.com/newwp/naxly/tag/manintainl/feed/index.html]
[el.commonsupport.com/newwp/naxly/tag/manintainl/index.html]
[el.commonsupport.com/newwp/naxly/wp-json/wp/v2/tags/39.json]
[el.commonsupport.com/newwp/naxly/tag/software/feed/index.html]
[el.commonsupport.com/newwp/naxly/tag/software/index.html]
[el.commonsupport.com/newwp/naxly/wp-json/wp/v2/categories/1.json]
[el.commonsupport.com/newwp/naxly/category/our-blog/feed/index.html]
[el.commonsupport.com/newwp/naxly/wp-content/uploads/2020/03/news-13.jpg]
[el.commonsupport.com/newwp/naxly/wp-content/uploads/2020/03/news-14.jpg]
[el.commonsupport.com/newwp/naxly/wp-content/uploads/2020/03/news-16.jpg]
[el.commonsupport.com/newwp/naxly/wp-content/uploads/2020/03/news-15.jpg]
[el.commonsupport.com/newwp/naxly/category/our-blog/index.html]
[el.commonsupport.com/newwp/naxly/wp-json/wp/v2/posts/659.json]
[el.commonsupport.com/newwp/naxly/2020/08/naxly-named-as-a-global-leader-in-big-data-7/feed/index.html]
[el.commonsupport.com/newwp/naxly/wp-json/oembed/1.0/embedb8ce.json]
[el.commonsupport.com/newwp/naxly/wp-json/oembed/1.0/embed8000]
[el.commonsupport.com/newwp/naxly/2020/08/naxly-named-as-a-global-leader-in-big-data-7/index.html]
[el.commonsupport.com/newwp/naxly/wp-json/wp/v2/tags/29.json]
[el.commonsupport.com/newwp/naxly/tag/analysis/index.html]
[el.commonsupport.com/newwp/naxly/tag/analysis/feed/index.html]
[el.commonsupport.com/newwp/naxly/wp-json/wp/v2/tags/28.json]
[el.commonsupport.com/newwp/naxly/tag/consulting/feed/index.html]
[el.commonsupport.com/newwp/naxly/tag/consulting/index.html]
[el.commonsupport.com/newwp/naxly/wp-json/wp/v2/posts/661.json]
[el.commonsupport.com/newwp/naxly/2020/08/naxly-as-the-winners-in-global-agency-awards-5/feed/index.html]
[el.commonsupport.com/newwp/naxly/wp-json/oembed/1.0/embede38c]
[el.commonsupport.com/newwp/naxly/wp-json/oembed/1.0/embedf908]
[el.commonsupport.com/newwp/naxly/2020/08/naxly-as-the-winners-in-global-agency-awards-5/index.html]
[el.commonsupport.com/newwp/naxly/wp-json/wp/v2/tags/31.json]
[el.commonsupport.com/newwp/naxly/tag/data/index.html]
[el.commonsupport.com/newwp/naxly/tag/data/feed/index.html]
[el.commonsupport.com/newwp/naxly/wp-json/wp/v2/tags/32.json]
[el.commonsupport.com/newwp/naxly/tag/engineering/feed/index.html]
[el.commonsupport.com/newwp/naxly/tag/engineering/index.html]
[el.commonsupport.com/newwp/naxly/index4ac2.html]
[el.commonsupport.com/newwp/naxly/index26d0.html]
[el.commonsupport.com/newwp/naxly/indexb82b.html]
[el.commonsupport.com/newwp/naxly/wp-json/oembed/1.0/embed47de.json]
[el.commonsupport.com/newwp/naxly/wp-json/oembed/1.0/embed873a]
[el.commonsupport.com/newwp/naxly/naxly_project/استشارات-بشأن-التقاط-بيانات-الفاتورة/index.html]
[el.commonsupport.com/newwp/naxly/wp-json/oembed/1.0/embed326d.json]
[el.commonsupport.com/newwp/naxly/wp-json/oembed/1.0/embedba1f]
[el.commonsupport.com/newwp/naxly/naxly_project/تنفيذ-معالجة-البيانات-الكبيرة/index.html]
[el.commonsupport.com/newwp/naxly/wp-json/oembed/1.0/embeda879.json]
[el.commonsupport.com/newwp/naxly/wp-json/oembed/1.0/embed30ad]
[el.commonsupport.com/newwp/naxly/naxly_project/تنفيذ-bi-لرعاية-الطفل-التطبيقات/index.html]
[el.commonsupport.com/newwp/naxly/wp-json/oembed/1.0/embed3ea2.json]
[el.commonsupport.com/newwp/naxly/wp-json/oembed/1.0/embeda298]
[el.commonsupport.com/newwp/naxly/naxly_project/تنفيذ-bi-لرعاية-الطفل-التطبيقات-2/index.html]
[el.commonsupport.com/newwp/naxly/wp-json/wp/v2/categories/50.json]
[el.commonsupport.com/newwp/naxly/category/هندسة-البيانات/index.html]
[el.commonsupport.com/newwp/naxly/category/هندسة-البيانات/feed/index.html]
[el.commonsupport.com/newwp/naxly/wp-json/wp/v2/posts/1105.json]
[el.commonsupport.com/newwp/naxly/2020/08/naxly-اسمه-كرائد-عالمي-في-البيانات-الضخمة/feed/index.html]
[el.commonsupport.com/newwp/naxly/wp-json/oembed/1.0/embed0842.json]
[el.commonsupport.com/newwp/naxly/wp-json/oembed/1.0/embedb346]
[el.commonsupport.com/newwp/naxly/2020/08/naxly-اسمه-كرائد-عالمي-في-البيانات-الضخمة/index.html]
[el.commonsupport.com/newwp/naxly/wp-json/wp/v2/posts/1107.json]
[el.commonsupport.com/newwp/naxly/2020/08/naxly-كفائزين-في-جوائز-الوكالة-العالمية/feed/index.html]
[el.commonsupport.com/newwp/naxly/wp-json/oembed/1.0/embed9cbf.json]
[el.commonsupport.com/newwp/naxly/wp-json/oembed/1.0/embed009c]
[el.commonsupport.com/newwp/naxly/2020/08/naxly-كفائزين-في-جوائز-الوكالة-العالمية/index.html]
[el.commonsupport.com/newwp/naxly/wp-json/wp/v2/posts/1113.json]
[el.commonsupport.com/newwp/naxly/2020/08/naxly-كفائزين-في-جوائز-الوكالة-العالمية-2/feed/index.html]
[el.commonsupport.com/newwp/naxly/wp-json/oembed/1.0/embed253a.json]
[el.commonsupport.com/newwp/naxly/wp-json/oembed/1.0/embedf8b0]
[el.commonsupport.com/newwp/naxly/2020/08/naxly-كفائزين-في-جوائز-الوكالة-العالمية-2/index.html]
[el.commonsupport.com/newwp/naxly/indexd0ff.html]
[el.commonsupport.com/newwp/naxly/indexb7bc.html]
[el.commonsupport.com/newwp/naxly/about-company/about.html]
[el.commonsupport.com/newwp/naxly/index5b8d.html]
[el.commonsupport.com/newwp/naxly/indexa5f2.html]
[el.commonsupport.com/newwp/naxly/index16bc.html]
[el.commonsupport.com/newwp/naxly/our-services/_br/__b_Notice_/b__  Undefined index_ id in _b_/home/elcommonsupport/public_html/newwp/naxly/wp-content/plugins/naxly-plugin/elementor/our_solutions.php_/b_ on line _b_/_.198.delaye]
[el.commonsupport.com/newwp/naxly/index39c5.html]
[el.commonsupport.com/newwp/naxly/index1dc8.html]
[el.commonsupport.com/newwp/naxly/wp-json/oembed/1.0/embed6e82.json]
[el.commonsupport.com/newwp/naxly/wp-json/oembed/1.0/embed3e01]
[el.commonsupport.com/newwp/naxly/naxly_project/automate-feedback-analysis-7/index.html]
[el.commonsupport.com/newwp/naxly/wp-json/oembed/1.0/embed8dd4.json]
[el.commonsupport.com/newwp/naxly/wp-json/oembed/1.0/embedc86e]
[el.commonsupport.com/newwp/naxly/naxly_project/consulting-on-invoice-data-capture-2/index.html]
[el.commonsupport.com/newwp/naxly/wp-json/oembed/1.0/embedd153.json]
[el.commonsupport.com/newwp/naxly/wp-json/oembed/1.0/embedca14]
[el.commonsupport.com/newwp/naxly/naxly_project/bi-implementation-for-baby-care-app-2/index.html]
[el.commonsupport.com/newwp/naxly/wp-json/oembed/1.0/embed4ba2.json]
[el.commonsupport.com/newwp/naxly/wp-json/oembed/1.0/embed1e79]
[el.commonsupport.com/newwp/naxly/naxly_project/automate-feedback-analysis-8/index.html]
[el.commonsupport.com/newwp/naxly/index246f.html]
[el.commonsupport.com/newwp/naxly/wp-json/oembed/1.0/embedeb61.json]
[el.commonsupport.com/newwp/naxly/wp-json/oembed/1.0/embed3e3f]
[el.commonsupport.com/newwp/naxly/naxly_project/invoice-data-capture-3/index.html]
[el.commonsupport.com/newwp/naxly/wp-json/oembed/1.0/embed9f39.json]
[el.commonsupport.com/newwp/naxly/wp-json/oembed/1.0/embed9bca]
[el.commonsupport.com/newwp/naxly/naxly_project/big-data-processing-2/index.html]
[el.commonsupport.com/newwp/naxly/wp-json/oembed/1.0/embed119a.json]
[el.commonsupport.com/newwp/naxly/wp-json/oembed/1.0/embed7b86]
[el.commonsupport.com/newwp/naxly/naxly_project/network-implementation/index.html]
[el.commonsupport.com/newwp/naxly/wp-json/oembed/1.0/embed2b33.json]
[el.commonsupport.com/newwp/naxly/wp-json/oembed/1.0/embedb3f4]
[el.commonsupport.com/newwp/naxly/naxly_project/big-data-processing-3/index.html]
[el.commonsupport.com/newwp/naxly/wp-json/oembed/1.0/embedf29b.json]
[el.commonsupport.com/newwp/naxly/wp-json/oembed/1.0/embed70b1]
[el.commonsupport.com/newwp/naxly/naxly_project/baby-care-mobile-application/index.html]
[el.commonsupport.com/newwp/naxly/wp-json/oembed/1.0/embed00ba.json]
[el.commonsupport.com/newwp/naxly/wp-json/oembed/1.0/embed311e]
[el.commonsupport.com/newwp/naxly/naxly_project/invoice-data-capture-4/index.html]
[el.commonsupport.com/newwp/naxly/project-3-columns/page/2/index.html]
[el.commonsupport.com/newwp/naxly/index0ced.html]
[el.commonsupport.com/newwp/naxly/case-studies/page/2/index.html]
[hb.wpmucdn.com/el.commonsupport.com/476c736d-e684-4955-b1f8-a6fb8c6e26a0.css]
[el.commonsupport.com/newwp/naxly/index63e6.html]
[el.commonsupport.com/newwp/naxly/index4808.html]
[el.commonsupport.com/newwp/naxly/wp-json/wp/v2/posts/613.json]
[el.commonsupport.com/newwp/naxly/2020/08/naxly-as-the-winners-in-global-agency-awards-3/feed/index.html]
[el.commonsupport.com/newwp/naxly/wp-json/oembed/1.0/embed8e33.json]
[el.commonsupport.com/newwp/naxly/wp-json/oembed/1.0/embed573c]
[el.commonsupport.com/newwp/naxly/2020/08/naxly-as-the-winners-in-global-agency-awards-3/index.html]
[el.commonsupport.com/newwp/naxly/wp-json/wp/v2/posts/598.json]
[el.commonsupport.com/newwp/naxly/2020/08/naxly-as-the-winners-in-global-agency-awards-2/feed/index.html]
[el.commonsupport.com/newwp/naxly/wp-json/oembed/1.0/embed6c90.json]
[el.commonsupport.com/newwp/naxly/wp-json/oembed/1.0/embed0d70]
[el.commonsupport.com/newwp/naxly/2020/08/naxly-as-the-winners-in-global-agency-awards-2/index.html]
[el.commonsupport.com/newwp/naxly/wp-json/wp/v2/posts/607.json]
[hb.wpmucdn.com/el.commonsupport.com/b25c6132-1a43-43d7-b301-bf5c804554f3.js]
[el.commonsupport.com/newwp/naxly/2020/08/naxly-named-as-a-global-leader-in-big-data-2/feed/index.html]
[el.commonsupport.com/newwp/naxly/wp-json/oembed/1.0/embed0645.json]
[el.commonsupport.com/newwp/naxly/wp-json/oembed/1.0/embedfae0]
[el.commonsupport.com/newwp/naxly/2020/08/naxly-named-as-a-global-leader-in-big-data-2/index.html]
[el.commonsupport.com/newwp/naxly/wp-json/wp/v2/posts/609.json]
[el.commonsupport.com/newwp/naxly/2020/08/the-current-state-of-artificial-intelligence-infographic-2/feed/index.html]
[el.commonsupport.com/newwp/naxly/wp-json/oembed/1.0/embed368c.json]
[el.commonsupport.com/newwp/naxly/wp-json/oembed/1.0/embed486f]
[el.commonsupport.com/newwp/naxly/2020/08/the-current-state-of-artificial-intelligence-infographic-2/index.html]
[el.commonsupport.com/newwp/naxly/wp-json/wp/v2/posts/611.json]
[el.commonsupport.com/newwp/naxly/2020/08/the-current-state-of-artificial-intelligence-infographic-3/feed/index.html]
[el.commonsupport.com/newwp/naxly/wp-json/oembed/1.0/embed651a.json]
[el.commonsupport.com/newwp/naxly/wp-json/oembed/1.0/embedbd69]
[el.commonsupport.com/newwp/naxly/2020/08/the-current-state-of-artificial-intelligence-infographic-3/index.html]
[el.commonsupport.com/newwp/naxly/wp-json/wp/v2/posts/615.json]
[el.commonsupport.com/newwp/naxly/2020/08/naxly-named-as-a-global-leader-in-big-data-3/feed/index.html]
[el.commonsupport.com/newwp/naxly/wp-json/oembed/1.0/embed7417.json]
[el.commonsupport.com/newwp/naxly/wp-json/oembed/1.0/embed5e77]
[el.commonsupport.com/newwp/naxly/2020/08/naxly-named-as-a-global-leader-in-big-data-3/index.html]
[el.commonsupport.com/newwp/naxly/classic-grid/page/2/index.html]
[el.commonsupport.com/newwp/naxly/index7867.html]
[el.commonsupport.com/newwp/naxly/wp-json/wp/v2/posts/617.json]
[el.commonsupport.com/newwp/naxly/2020/08/naxly-named-as-a-global-leader-in-big-data-4/feed/index.html]
[el.commonsupport.com/newwp/naxly/wp-json/oembed/1.0/embed1c26.json]
[el.commonsupport.com/newwp/naxly/wp-json/oembed/1.0/embed61c4]
[el.commonsupport.com/newwp/naxly/2020/08/naxly-named-as-a-global-leader-in-big-data-4/index.html]
[el.commonsupport.com/newwp/naxly/wp-json/wp/v2/tags/33.json]
[el.commonsupport.com/newwp/naxly/tag/global/index.html]
[el.commonsupport.com/newwp/naxly/tag/global/feed/index.html]
[el.commonsupport.com/newwp/naxly/wp-json/wp/v2/tags/34.json]
[el.commonsupport.com/newwp/naxly/tag/hi-tech/index.html]
[el.commonsupport.com/newwp/naxly/tag/hi-tech/feed/index.html]
[el.commonsupport.com/newwp/naxly/wp-json/wp/v2/tags/36.json]
[el.commonsupport.com/newwp/naxly/tag/industries/index.html]
[el.commonsupport.com/newwp/naxly/wp-json/wp/v2/tags/35.json]
[el.commonsupport.com/newwp/naxly/tag/infographic/index.html]
[el.commonsupport.com/newwp/naxly/tag/industries/feed/index.html]
[el.commonsupport.com/newwp/naxly/tag/infographic/feed/index.html]
[el.commonsupport.com/newwp/naxly/tag/solutions/feed/index.html]
[el.commonsupport.com/newwp/naxly/wp-json/wp/v2/tags/40.json]
[el.commonsupport.com/newwp/naxly/tag/solutions/index.html]
[el.commonsupport.com/newwp/naxly/wp-json/wp/v2/tags/41.json]
[el.commonsupport.com/newwp/naxly/tag/strategy/feed/index.html]
[el.commonsupport.com/newwp/naxly/tag/strategy/index.html]
[el.commonsupport.com/newwp/naxly/modern-with-s-b/page/2/index.html]
[el.commonsupport.com/newwp/naxly/modern-with-s-b/page/3/index.html]
[el.commonsupport.com/newwp/naxly/wp-content/uploads/2020/03/news-17.jpg]
[el.commonsupport.com/newwp/naxly/modern-with-s-b/page/4/index.html]
[el.commonsupport.com/newwp/naxly/wp-json/wp/v2/posts/667.json]
[el.commonsupport.com/newwp/naxly/2020/08/naxly-as-the-winners-in-global-agency-awards-6/feed/index.html]
[el.commonsupport.com/newwp/naxly/wp-json/oembed/1.0/embed7ed6.json]
[el.commonsupport.com/newwp/naxly/wp-json/oembed/1.0/embedcb23]
[el.commonsupport.com/newwp/naxly/2020/08/naxly-as-the-winners-in-global-agency-awards-6/index.html]
[el.commonsupport.com/newwp/naxly/index7458.html]
[el.commonsupport.com/newwp/naxly/indexc2fc.html]
[el.commonsupport.com/newwp/naxly/indexaaca.html]
[el.commonsupport.com/newwp/naxly/indexa4b6.html]
[el.commonsupport.com/newwp/naxly/index16d5.html]
[el.commonsupport.com/newwp/naxly/index272e.html]
[el.commonsupport.com/newwp/naxly/indexb916.html]
[el.commonsupport.com/newwp/naxly/index6289.html]
[el.commonsupport.com/newwp/naxly/index6996.html]
[el.commonsupport.com/newwp/naxly/index106b.html]
[el.commonsupport.com/newwp/naxly/indexcb2d.html]
[el.commonsupport.com/newwp/naxly/index60e8.html]
[el.commonsupport.com/newwp/naxly/indexef2e.html]
[el.commonsupport.com/newwp/naxly/index3eda.html]
[el.commonsupport.com/newwp/naxly/indexe5c7.html]
[el.commonsupport.com/newwp/naxly/indexaaf8.html]
[el.commonsupport.com/newwp/naxly/index89f6.html]
[el.commonsupport.com/newwp/naxly/index03aa.html]
[el.commonsupport.com/newwp/naxly/indexec9a.html]
[el.commonsupport.com/newwp/naxly/index6a26.html]
[hb.wpmucdn.com/el.commonsupport.com/89dfcd6b-2391-4e44-88cc-06189689ced6.css]
[el.commonsupport.com/newwp/naxly/index2487.html]
[el.commonsupport.com/newwp/naxly/indexdabb.html]
[el.commonsupport.com/newwp/naxly/indexab1b.html]
[el.commonsupport.com/newwp/naxly/indexf573.html]
[el.commonsupport.com/newwp/naxly/indexa34f.html]
[el.commonsupport.com/newwp/naxly/indexc052.html]
[hb.wpmucdn.com/el.commonsupport.com/38122925-baa4-4831-8226-b32a8507d5ae.css]
[el.commonsupport.com/newwp/naxly/index0d49.html]
[el.commonsupport.com/newwp/naxly/indexd250.html]
[el.commonsupport.com/newwp/naxly/indexc0cd.html]
[el.commonsupport.com/newwp/naxly/index82dc.html]
[el.commonsupport.com/newwp/naxly/index07cd.html]
[el.commonsupport.com/newwp/naxly/index8f9f.html]
[el.commonsupport.com/newwp/naxly/index8631.html]
[el.commonsupport.com/newwp/naxly/index767a.html]
[el.commonsupport.com/newwp/naxly/index04cd.html]
[el.commonsupport.com/newwp/naxly/index287b.html]
[el.commonsupport.com/newwp/naxly/index55e4.html]
[el.commonsupport.com/newwp/naxly/index735a.html]
[el.commonsupport.com/newwp/naxly/wp-content/themes/naxly/assets/images/resources/breadcrumb-bg.html]
[el.commonsupport.com/newwp/naxly/category/latest-news/page/2/index.html]
[el.commonsupport.com/newwp/naxly/wp-json/wp/v2/posts/663.json]
[el.commonsupport.com/newwp/naxly/2020/08/the-current-state-of-artificial-intelligence/feed/index.html]
[el.commonsupport.com/newwp/naxly/wp-json/oembed/1.0/embeddcd0.json]
[el.commonsupport.com/newwp/naxly/wp-json/oembed/1.0/embed9fd7]
[el.commonsupport.com/newwp/naxly/2020/08/the-current-state-of-artificial-intelligence/index.html]
[el.commonsupport.com/newwp/naxly/wp-json/wp/v2/posts/651.json]
[el.commonsupport.com/newwp/naxly/2020/08/naxly-named-as-a-global-leader-in-big-data-6/feed/index.html]
[el.commonsupport.com/newwp/naxly/wp-json/oembed/1.0/embed3c75.json]
[el.commonsupport.com/newwp/naxly/wp-json/oembed/1.0/embed9553]
[el.commonsupport.com/newwp/naxly/2020/08/naxly-named-as-a-global-leader-in-big-data-6/index.html]
[el.commonsupport.com/newwp/naxly/indexeffd.html]
[el.commonsupport.com/newwp/naxly/2020/08/naxly-named-as-a-global-leader-in-big-data/javascript(0)_.html]
[el.commonsupport.com/newwp/naxly/2020/08/naxly-named-as-a-global-leader-in-big-data/indexa79a.html]
[el.commonsupport.com/newwp/naxly/2020/08/naxly-named-as-a-global-leader-in-big-data/indexbed3.html]
[el.commonsupport.com/newwp/naxly/index6f72.html]
[el.commonsupport.com/newwp/naxly/2020/08/the-current-state-of-artificial-intelligence-infographic/javascript(0)_.html]
[el.commonsupport.com/newwp/naxly/2020/08/the-current-state-of-artificial-intelligence-infographic/index6f0d.html]
[el.commonsupport.com/newwp/naxly/2020/08/the-current-state-of-artificial-intelligence-infographic/indexb901.html]
[el.commonsupport.com/newwp/naxly/indexb6ad.html]
[el.commonsupport.com/newwp/naxly/2020/08/naxly-as-the-winners-in-global-agency-awards/javascript(0)_.html]
[el.commonsupport.com/newwp/naxly/2020/08/naxly-as-the-winners-in-global-agency-awards/index8528.html]
[el.commonsupport.com/newwp/naxly/2020/08/naxly-as-the-winners-in-global-agency-awards/indexc916.html]
[el.commonsupport.com/newwp/naxly/indexbe3b.html]
[el.commonsupport.com/newwp/naxly/index1611.html]
[el.commonsupport.com/newwp/naxly/indexd7d8.html]
[el.commonsupport.com/newwp/naxly/index87e6.html]
[el.commonsupport.com/newwp/naxly/index5791.html]
[el.commonsupport.com/newwp/naxly/indexd2ad.html]
[el.commonsupport.com/newwp/naxly/2020/08/the-current-state-of-artificial-intelligence-infographic-4/javascript(0)_.html]
[el.commonsupport.com/newwp/naxly/2020/08/the-current-state-of-artificial-intelligence-infographic-4/index267f.html]
[el.commonsupport.com/newwp/naxly/2020/08/the-current-state-of-artificial-intelligence-infographic-4/index094c.html]
[el.commonsupport.com/newwp/naxly/indexb753.html]
[el.commonsupport.com/newwp/naxly/2020/08/naxly-named-as-a-global-leader-in-big-data-5/javascript(0)_.html]
[el.commonsupport.com/newwp/naxly/2020/08/naxly-named-as-a-global-leader-in-big-data-5/index41b7.html]
[el.commonsupport.com/newwp/naxly/2020/08/naxly-named-as-a-global-leader-in-big-data-5/index06b6.html]
[el.commonsupport.com/newwp/naxly/indexc7ce.html]
[el.commonsupport.com/newwp/naxly/index5442.html]
[el.commonsupport.com/newwp/naxly/indexc1f6.html]
[el.commonsupport.com/newwp/naxly/index9ed5.html]
[el.commonsupport.com/newwp/naxly/wp-json/wp/v2/posts/645.json]
[el.commonsupport.com/newwp/naxly/2020/08/naxly-as-the-winners-in-global-agency-awards-4/feed/index.html]
[el.commonsupport.com/newwp/naxly/wp-json/oembed/1.0/embed780a.json]
[el.commonsupport.com/newwp/naxly/wp-json/oembed/1.0/embed074f]
[el.commonsupport.com/newwp/naxly/2020/08/naxly-as-the-winners-in-global-agency-awards-4/index.html]
[el.commonsupport.com/newwp/naxly/wp-json/wp/v2/posts/665.json]
[el.commonsupport.com/newwp/naxly/2020/08/naxly-named-as-a-global-leader-in-big-data-8/feed/index.html]
[el.commonsupport.com/newwp/naxly/wp-json/oembed/1.0/embed0433.json]
[el.commonsupport.com/newwp/naxly/wp-json/oembed/1.0/embed6e26]
[el.commonsupport.com/newwp/naxly/2020/08/naxly-named-as-a-global-leader-in-big-data-8/index.html]
[el.commonsupport.com/newwp/naxly/category/our-blog/page/2/index.html]
[el.commonsupport.com/newwp/naxly/index2553.html]
[el.commonsupport.com/newwp/naxly/2020/08/naxly-named-as-a-global-leader-in-big-data-7/javascript(0)_.html]
[el.commonsupport.com/newwp/naxly/2020/08/naxly-named-as-a-global-leader-in-big-data-7/index745d.html]
[el.commonsupport.com/newwp/naxly/2020/08/naxly-named-as-a-global-leader-in-big-data-7/indexb621.html]
[el.commonsupport.com/newwp/naxly/tag/analysis/page/2/index.html]
[el.commonsupport.com/newwp/naxly/tag/consulting/page/2/index.html]
[el.commonsupport.com/newwp/naxly/indexd4f5.html]
[el.commonsupport.com/newwp/naxly/2020/08/naxly-as-the-winners-in-global-agency-awards-5/javascript(0)_.html]
[el.commonsupport.com/newwp/naxly/2020/08/naxly-as-the-winners-in-global-agency-awards-5/index954a.html]
[el.commonsupport.com/newwp/naxly/2020/08/naxly-as-the-winners-in-global-agency-awards-5/index9e16.html]
[el.commonsupport.com/newwp/naxly/tag/data/page/2/index.html]
[el.commonsupport.com/newwp/naxly/tag/engineering/page/2/index.html]
[el.commonsupport.com/newwp/naxly/index08f3.html]
[el.commonsupport.com/newwp/naxly/index21fb.html]
[el.commonsupport.com/newwp/naxly/index8f31.html]
[el.commonsupport.com/newwp/naxly/index0314.html]
[el.commonsupport.com/newwp/naxly/index26b0.html]
[el.commonsupport.com/newwp/naxly/2020/08/naxly-اسمه-كرائد-عالمي-في-البيانات-الضخمة/javascript(0)_.html]
[el.commonsupport.com/newwp/naxly/2020/08/naxly-اسمه-كرائد-عالمي-في-البيانات-الضخمة/index8e42.html]
[el.commonsupport.com/newwp/naxly/2020/08/naxly-اسمه-كرائد-عالمي-في-البيانات-الضخمة/index1dff.html]
[el.commonsupport.com/newwp/naxly/index3e52.html]
[el.commonsupport.com/newwp/naxly/2020/08/naxly-كفائزين-في-جوائز-الوكالة-العالمية/javascript(0)_.html]
[el.commonsupport.com/newwp/naxly/2020/08/naxly-كفائزين-في-جوائز-الوكالة-العالمية/index21b4.html]
[el.commonsupport.com/newwp/naxly/2020/08/naxly-كفائزين-في-جوائز-الوكالة-العالمية/index2320.html]
[el.commonsupport.com/newwp/naxly/index5d7e.html]
[el.commonsupport.com/newwp/naxly/2020/08/naxly-كفائزين-في-جوائز-الوكالة-العالمية-2/javascript(0)_.html]
[el.commonsupport.com/newwp/naxly/2020/08/naxly-كفائزين-في-جوائز-الوكالة-العالمية-2/indexfaf1.html]
[el.commonsupport.com/newwp/naxly/2020/08/naxly-كفائزين-في-جوائز-الوكالة-العالمية-2/indexa2f2.html]
[el.commonsupport.com/newwp/naxly/index4e57.html]
[el.commonsupport.com/newwp/naxly/index03c9.html]
[el.commonsupport.com/newwp/naxly/indexcfab.html]
[el.commonsupport.com/newwp/naxly/index5f97.html]
[el.commonsupport.com/newwp/naxly/index475a.html]
[el.commonsupport.com/newwp/naxly/indexe7fb.html]
[el.commonsupport.com/newwp/naxly/indexa722.html]
[el.commonsupport.com/newwp/naxly/index5b8d-2.html]
[el.commonsupport.com/newwp/naxly/index01e4.html]
[el.commonsupport.com/newwp/naxly/index61a9.html]
[el.commonsupport.com/newwp/naxly/project-3-columns/page/1/index.html]
[el.commonsupport.com/newwp/naxly/case-studies/page/1/index.html]
[el.commonsupport.com/newwp/naxly/index44fb.html]
[el.commonsupport.com/newwp/naxly/2020/08/naxly-as-the-winners-in-global-agency-awards-3/javascript(0)_.html]
[el.commonsupport.com/newwp/naxly/2020/08/naxly-as-the-winners-in-global-agency-awards-3/index360b.html]
[el.commonsupport.com/newwp/naxly/2020/08/naxly-as-the-winners-in-global-agency-awards-3/index2636.html]
[el.commonsupport.com/newwp/naxly/index424e.html]
[el.commonsupport.com/newwp/naxly/2020/08/naxly-as-the-winners-in-global-agency-awards-2/javascript(0)_.html]
[el.commonsupport.com/newwp/naxly/2020/08/naxly-as-the-winners-in-global-agency-awards-2/indexfa40.html]
[el.commonsupport.com/newwp/naxly/2020/08/naxly-as-the-winners-in-global-agency-awards-2/index61aa.html]
[el.commonsupport.com/newwp/naxly/index30e4.html]
[el.commonsupport.com/newwp/naxly/2020/08/naxly-named-as-a-global-leader-in-big-data-2/javascript(0)_.html]
[el.commonsupport.com/newwp/naxly/2020/08/naxly-named-as-a-global-leader-in-big-data-2/index04d3.html]
[el.commonsupport.com/newwp/naxly/2020/08/naxly-named-as-a-global-leader-in-big-data-2/index3d09.html]
[el.commonsupport.com/newwp/naxly/index93f8.html]
[el.commonsupport.com/newwp/naxly/2020/08/the-current-state-of-artificial-intelligence-infographic-2/javascript(0)_.html]
[el.commonsupport.com/newwp/naxly/2020/08/the-current-state-of-artificial-intelligence-infographic-2/indexa858.html]
[el.commonsupport.com/newwp/naxly/2020/08/the-current-state-of-artificial-intelligence-infographic-2/index6d69.html]
[el.commonsupport.com/newwp/naxly/indexb702.html]
[el.commonsupport.com/newwp/naxly/2020/08/the-current-state-of-artificial-intelligence-infographic-3/javascript(0)_.html]
[el.commonsupport.com/newwp/naxly/2020/08/the-current-state-of-artificial-intelligence-infographic-3/index6944.html]
[el.commonsupport.com/newwp/naxly/2020/08/the-current-state-of-artificial-intelligence-infographic-3/indexdefb.html]
[el.commonsupport.com/newwp/naxly/index2f7a.html]
[el.commonsupport.com/newwp/naxly/2020/08/naxly-named-as-a-global-leader-in-big-data-3/javascript(0)_.html]
[el.commonsupport.com/newwp/naxly/2020/08/naxly-named-as-a-global-leader-in-big-data-3/indexfc06.html]
[el.commonsupport.com/newwp/naxly/2020/08/naxly-named-as-a-global-leader-in-big-data-3/indexec27.html]
[el.commonsupport.com/newwp/naxly/classic-grid/page/1/index.html]
[el.commonsupport.com/newwp/naxly/index5c49.html]
[el.commonsupport.com/newwp/naxly/2020/08/naxly-named-as-a-global-leader-in-big-data-4/javascript(0)_.html]
[el.commonsupport.com/newwp/naxly/2020/08/naxly-named-as-a-global-leader-in-big-data-4/index94a5.html]
[el.commonsupport.com/newwp/naxly/2020/08/naxly-named-as-a-global-leader-in-big-data-4/index7c98.html]
[el.commonsupport.com/newwp/naxly/modern-with-s-b/page/1/index.html]
[el.commonsupport.com/newwp/naxly/2020/08/naxly-as-the-winners-in-global-agency-awards-6/javascript(0)_.html]
[el.commonsupport.com/newwp/naxly/2020/08/naxly-as-the-winners-in-global-agency-awards-6/index6809.html]
[el.commonsupport.com/newwp/naxly/2020/08/naxly-as-the-winners-in-global-agency-awards-6/index3094.html]
[el.commonsupport.com/newwp/naxly/2020/08/naxly-as-the-winners-in-global-agency-awards-6/index0e22.html]
[el.commonsupport.com/newwp/naxly/2020/08/naxly-as-the-winners-in-global-agency-awards-6/indexa82a.html]
[el.commonsupport.com/newwp/naxly/2020/08/naxly-as-the-winners-in-global-agency-awards-6/indexf73b.html]
[el.commonsupport.com/newwp/naxly/category/latest-news/page/1/index.html]
[el.commonsupport.com/newwp/naxly/indexb1f0.html]
[el.commonsupport.com/newwp/naxly/2020/08/the-current-state-of-artificial-intelligence/javascript(0)_.html]
[el.commonsupport.com/newwp/naxly/2020/08/the-current-state-of-artificial-intelligence/indexf970.html]
[el.commonsupport.com/newwp/naxly/2020/08/the-current-state-of-artificial-intelligence/index39ab.html]
[el.commonsupport.com/newwp/naxly/indexa26f.html]
[el.commonsupport.com/newwp/naxly/2020/08/naxly-named-as-a-global-leader-in-big-data-6/javascript(0)_.html]
[el.commonsupport.com/newwp/naxly/2020/08/naxly-named-as-a-global-leader-in-big-data-6/indexb951.html]
[el.commonsupport.com/newwp/naxly/2020/08/naxly-named-as-a-global-leader-in-big-data-6/index5cd6.html]
[el.commonsupport.com/newwp/naxly/indexc725.html]
[el.commonsupport.com/newwp/naxly/2020/08/naxly-as-the-winners-in-global-agency-awards-4/javascript(0)_.html]
[el.commonsupport.com/newwp/naxly/2020/08/naxly-as-the-winners-in-global-agency-awards-4/index5a86.html]
[el.commonsupport.com/newwp/naxly/2020/08/naxly-as-the-winners-in-global-agency-awards-4/index5785.html]
[el.commonsupport.com/newwp/naxly/index2bcd.html]
[el.commonsupport.com/newwp/naxly/2020/08/naxly-named-as-a-global-leader-in-big-data-8/javascript(0)_.html]
[el.commonsupport.com/newwp/naxly/2020/08/naxly-named-as-a-global-leader-in-big-data-8/index06ab.html]
[el.commonsupport.com/newwp/naxly/2020/08/naxly-named-as-a-global-leader-in-big-data-8/index0a88.html]
[el.commonsupport.com/newwp/naxly/category/our-blog/page/1/index.html]
[el.commonsupport.com/newwp/naxly/tag/analysis/page/1/index.html]
[el.commonsupport.com/newwp/naxly/tag/consulting/page/1/index.html]
[el.commonsupport.com/newwp/naxly/tag/data/page/1/index.html]
[el.commonsupport.com/newwp/naxly/tag/engineering/page/1/index.html]
